#
# There is insufficient memory for the Java Runtime Environment to continue.
# Native memory allocation (malloc) failed to allocate 1689776 bytes. Error detail: Chunk::new
# Possible reasons:
#   The system is out of physical RAM or swap space
#   This process is running with CompressedOops enabled, and the Java Heap may be blocking the growth of the native heap
# Possible solutions:
#   Reduce memory load on the system
#   Increase physical memory or swap space
#   Check if swap backing store is full
#   Decrease Java heap size (-Xmx/-Xms)
#   Decrease number of Java threads
#   Decrease Java thread stack sizes (-Xss)
#   Set larger code cache with -XX:ReservedCodeCacheSize=
#   JVM is running with Unscaled Compressed Oops mode in which the Java heap is
#     placed in the first 4GB address space. The Java Heap base address is the
#     maximum limit for the native heap growth. Please use -XX:HeapBaseMinAddress
#     to set the Java Heap base and to place the Java Heap above 4GB virtual address.
# This output file may be truncated or incomplete.
#
#  Out of Memory Error (arena.cpp:168), pid=6796, tid=11700
#
# JRE version: OpenJDK Runtime Environment Temurin-21.0.11+10 (21.0.11+10) (build 21.0.11+10-LTS)
# Java VM: OpenJDK 64-Bit Server VM Temurin-21.0.11+10 (21.0.11+10-LTS, mixed mode, sharing, tiered, compressed oops, compressed class ptrs, parallel gc, windows-amd64)
# No core dump will be written. Minidumps are not enabled by default on client versions of Windows
#

---------------  S U M M A R Y ------------

Command Line: --add-modules=ALL-SYSTEM --add-opens=java.base/java.util=ALL-UNNAMED --add-opens=java.base/java.lang=ALL-UNNAMED --add-opens=java.base/sun.nio.fs=ALL-UNNAMED -Declipse.application=org.eclipse.jdt.ls.core.id1 -Dosgi.bundles.defaultStartLevel=4 -Declipse.product=org.eclipse.jdt.ls.core.product -Djava.import.generatesMetadataFilesAtProjectRoot=false -DDetectVMInstallationsJob.disabled=true -Dfile.encoding=utf8 -XX:+UseParallelGC -XX:GCTimeRatio=4 -XX:AdaptiveSizePolicyWeight=90 -Dsun.zip.disableMemoryMapping=true -Xmx2G -Xms100m -Xlog:disable -javaagent:c:\Users\Ramya\.vscode\extensions\redhat.java-1.55.0-win32-x64\lombok\lombok-1.18.39-4050.jar -XX:+HeapDumpOnOutOfMemoryError -XX:HeapDumpPath=c:\Users\Ramya\AppData\Roaming\Code\User\workspaceStorage\3ecc7036380608375654bd27e609cbe5\redhat.java -Daether.dependencyCollector.impl=bf c:\Users\Ramya\.vscode\extensions\redhat.java-1.55.0-win32-x64\server\plugins\org.eclipse.equinox.launcher_1.7.200.v20260619-2039.jar -configuration c:\Users\Ramya\AppData\Roaming\Code\User\globalStorage\redhat.java\1.55.0\config_win -data c:\Users\Ramya\AppData\Roaming\Code\User\workspaceStorage\3ecc7036380608375654bd27e609cbe5\redhat.java\jdt_ws --pipe=\\.\pipe\lsp-1e09db5232eb1bdad37810040e1aff60-sock

Host: AMD Ryzen 5 5500U with Radeon Graphics         , 12 cores, 3G,  Windows 11 , 64 bit Build 26100 (10.0.26100.8972)
Time: Sun Aug  2 20:43:02 2026 India Standard Time elapsed time: 1213.480525 seconds (0d 0h 20m 13s)

---------------  T H R E A D  ---------------

Current thread (0x00000175c0845740):  JavaThread "C2 CompilerThread0" daemon [_thread_in_native, id=11700, stack(0x000000609ae00000,0x000000609af00000) (1024K)]


Current CompileTask:
C2:1213480 13973   !   4       org.eclipse.jdt.internal.compiler.classfmt.ClassFileReader::<init> (1968 bytes)

Stack: [0x000000609ae00000,0x000000609af00000]
Native frames: (J=compiled Java code, j=interpreted, Vv=VM code, C=native code)
V  [jvm.dll+0x6d7e19]
V  [jvm.dll+0x8b5096]
V  [jvm.dll+0x8b764e]
V  [jvm.dll+0x8b7d33]
V  [jvm.dll+0x284596]
V  [jvm.dll+0xc685d]
V  [jvm.dll+0xc6da1]
V  [jvm.dll+0x3bed31]
V  [jvm.dll+0x38b2b2]
V  [jvm.dll+0x38a6fa]
V  [jvm.dll+0x24c700]
V  [jvm.dll+0x24bce0]
V  [jvm.dll+0x1cb4ae]
V  [jvm.dll+0x25baad]
V  [jvm.dll+0x25a03a]
V  [jvm.dll+0x3f868e]
V  [jvm.dll+0x85fb0d]
V  [jvm.dll+0x6d664d]
C  [ucrtbase.dll+0x2cd30]
C  [KERNEL32.DLL+0x2ccb7]
C  [ntdll.dll+0xaad6c]


---------------  P R O C E S S  ---------------

Threads class SMR info:
_java_thread_list=0x000001761fe3c300, length=53, elements={
0x00000175c078e520, 0x00000175d723df90, 0x00000175c08315f0, 0x00000175c08362f0,
0x00000175c0836f50, 0x00000175c0839dd0, 0x00000175c083b5f0, 0x00000175c0845740,
0x00000176196a74b0, 0x00000176198cac90, 0x000001761999d5f0, 0x000001761aa675d0,
0x000001761ade18b0, 0x000001761ae28590, 0x000001761f24ed30, 0x000001761f23e320,
0x000001761ad8f4a0, 0x000001761acbbdd0, 0x000001761a90bd40, 0x000001761a90ca60,
0x000001761a90a990, 0x000001761a90b020, 0x000001761a90de10, 0x000001761a90d780,
0x000001761fcbb920, 0x000001761fcbbfb0, 0x000001761fcb9ee0, 0x000001761fcb9850,
0x000001761fcba570, 0x000001761fcbc640, 0x000001761fcbac00, 0x000001761fcbb290,
0x000001761fcb91c0, 0x000001761fcbccd0, 0x000001761fcbe080, 0x000001761fcbd9f0,
0x000001761fcbfac0, 0x000001761fcbe710, 0x000001761fcbf430, 0x000001761fbd2670,
0x000001761fbd3390, 0x000001761fbd3a20, 0x000001761fbd40b0, 0x000001761fbd1fe0,
0x000001761fbd4740, 0x000001761fbd1950, 0x000001761f06aca0, 0x000001761f06a610,
0x000001761f067820, 0x000001761f068540, 0x000001761f06d400, 0x000001761f06da90,
0x000001761f06ee40
}

Java Threads: ( => current thread )
  0x00000175c078e520 JavaThread "main"                              [_thread_blocked, id=13892, stack(0x000000609a400000,0x000000609a500000) (1024K)]
  0x00000175d723df90 JavaThread "Reference Handler"          daemon [_thread_blocked, id=15804, stack(0x000000609a800000,0x000000609a900000) (1024K)]
  0x00000175c08315f0 JavaThread "Finalizer"                  daemon [_thread_blocked, id=5760, stack(0x000000609a900000,0x000000609aa00000) (1024K)]
  0x00000175c08362f0 JavaThread "Signal Dispatcher"          daemon [_thread_blocked, id=15884, stack(0x000000609aa00000,0x000000609ab00000) (1024K)]
  0x00000175c0836f50 JavaThread "Attach Listener"            daemon [_thread_blocked, id=13176, stack(0x000000609ab00000,0x000000609ac00000) (1024K)]
  0x00000175c0839dd0 JavaThread "Service Thread"             daemon [_thread_blocked, id=16316, stack(0x000000609ac00000,0x000000609ad00000) (1024K)]
  0x00000175c083b5f0 JavaThread "Monitor Deflation Thread"   daemon [_thread_blocked, id=5696, stack(0x000000609ad00000,0x000000609ae00000) (1024K)]
=>0x00000175c0845740 JavaThread "C2 CompilerThread0"         daemon [_thread_in_native, id=11700, stack(0x000000609ae00000,0x000000609af00000) (1024K)]
  0x00000176196a74b0 JavaThread "C1 CompilerThread0"         daemon [_thread_in_native, id=9688, stack(0x000000609af00000,0x000000609b000000) (1024K)]
  0x00000176198cac90 JavaThread "Common-Cleaner"             daemon [_thread_blocked, id=7456, stack(0x000000609b000000,0x000000609b100000) (1024K)]
  0x000001761999d5f0 JavaThread "Notification Thread"        daemon [_thread_blocked, id=5460, stack(0x000000609b100000,0x000000609b200000) (1024K)]
  0x000001761aa675d0 JavaThread "Active Thread: Equinox Container: 8d5245e1-357a-46ca-b083-6058a9ca1e2f"        [_thread_blocked, id=13556, stack(0x000000609b800000,0x000000609b900000) (1024K)]
  0x000001761ade18b0 JavaThread "Refresh Thread: Equinox Container: 8d5245e1-357a-46ca-b083-6058a9ca1e2f" daemon [_thread_blocked, id=13612, stack(0x000000609ba00000,0x000000609bb00000) (1024K)]
  0x000001761ae28590 JavaThread "Framework Event Dispatcher: Equinox Container: 8d5245e1-357a-46ca-b083-6058a9ca1e2f" daemon [_thread_blocked, id=2616, stack(0x000000609bb00000,0x000000609bc00000) (1024K)]
  0x000001761f24ed30 JavaThread "Start Level: Equinox Container: 8d5245e1-357a-46ca-b083-6058a9ca1e2f" daemon [_thread_blocked, id=8408, stack(0x000000609bc00000,0x000000609bd00000) (1024K)]
  0x000001761f23e320 JavaThread "Bundle File Closer"         daemon [_thread_blocked, id=15424, stack(0x000000609bf00000,0x000000609c000000) (1024K)]
  0x000001761ad8f4a0 JavaThread "SCR Component Actor"        daemon [_thread_blocked, id=16700, stack(0x000000609c000000,0x000000609c100000) (1024K)]
  0x000001761acbbdd0 JavaThread "Worker-JM"                         [_thread_blocked, id=8564, stack(0x000000609c100000,0x000000609c200000) (1024K)]
  0x000001761a90bd40 JavaThread "JNA Cleaner"                daemon [_thread_blocked, id=13108, stack(0x000000609c200000,0x000000609c300000) (1024K)]
  0x000001761a90ca60 JavaThread "Worker-1"                          [_thread_blocked, id=11596, stack(0x000000609c400000,0x000000609c500000) (1024K)]
  0x000001761a90a990 JavaThread "Java indexing"              daemon [_thread_blocked, id=7368, stack(0x000000609c500000,0x000000609c600000) (1024K)]
  0x000001761a90b020 JavaThread "Worker-2"                          [_thread_blocked, id=4912, stack(0x000000609c600000,0x000000609c700000) (1024K)]
  0x000001761a90de10 JavaThread "Thread-1"                   daemon [_thread_in_native, id=15872, stack(0x000000609cb00000,0x000000609cc00000) (1024K)]
  0x000001761a90d780 JavaThread "Thread-2"                   daemon [_thread_in_native, id=11988, stack(0x000000609cc00000,0x000000609cd00000) (1024K)]
  0x000001761fcbb920 JavaThread "Thread-3"                   daemon [_thread_in_native, id=15444, stack(0x000000609cd00000,0x000000609ce00000) (1024K)]
  0x000001761fcbbfb0 JavaThread "Thread-4"                   daemon [_thread_in_native, id=10788, stack(0x000000609ce00000,0x000000609cf00000) (1024K)]
  0x000001761fcb9ee0 JavaThread "Thread-5"                   daemon [_thread_in_native, id=2936, stack(0x000000609cf00000,0x000000609d000000) (1024K)]
  0x000001761fcb9850 JavaThread "Thread-6"                   daemon [_thread_in_native, id=13080, stack(0x000000609d000000,0x000000609d100000) (1024K)]
  0x000001761fcba570 JavaThread "Thread-7"                   daemon [_thread_in_native, id=14680, stack(0x000000609d100000,0x000000609d200000) (1024K)]
  0x000001761fcbc640 JavaThread "Thread-8"                   daemon [_thread_in_native, id=15160, stack(0x000000609d200000,0x000000609d300000) (1024K)]
  0x000001761fcbac00 JavaThread "Thread-9"                   daemon [_thread_in_native, id=12804, stack(0x000000609d300000,0x000000609d400000) (1024K)]
  0x000001761fcbb290 JavaThread "Thread-10"                  daemon [_thread_in_native, id=17268, stack(0x000000609d400000,0x000000609d500000) (1024K)]
  0x000001761fcb91c0 JavaThread "Thread-11"                  daemon [_thread_in_native, id=6676, stack(0x000000609d500000,0x000000609d600000) (1024K)]
  0x000001761fcbccd0 JavaThread "Thread-12"                  daemon [_thread_in_native, id=7596, stack(0x000000609d600000,0x000000609d700000) (1024K)]
  0x000001761fcbe080 JavaThread "Thread-13"                  daemon [_thread_in_native, id=10628, stack(0x000000609d700000,0x000000609d800000) (1024K)]
  0x000001761fcbd9f0 JavaThread "pool-2-thread-1"                   [_thread_blocked, id=15268, stack(0x000000609d800000,0x000000609d900000) (1024K)]
  0x000001761fcbfac0 JavaThread "WorkspaceEventsHandler"            [_thread_blocked, id=14056, stack(0x000000609d900000,0x000000609da00000) (1024K)]
  0x000001761fcbe710 JavaThread "pool-1-thread-1"                   [_thread_blocked, id=17128, stack(0x000000609da00000,0x000000609db00000) (1024K)]
  0x000001761fcbf430 JavaThread "PatternSearchJob-worker-2"  daemon [_thread_blocked, id=7768, stack(0x000000609dc00000,0x000000609dd00000) (1024K)]
  0x000001761fbd2670 JavaThread "PatternSearchJob-worker-3"  daemon [_thread_blocked, id=14064, stack(0x000000609de00000,0x000000609df00000) (1024K)]
  0x000001761fbd3390 JavaThread "PatternSearchJob-worker-5"  daemon [_thread_blocked, id=16028, stack(0x000000609df00000,0x000000609e000000) (1024K)]
  0x000001761fbd3a20 JavaThread "PatternSearchJob-worker-6"  daemon [_thread_blocked, id=11516, stack(0x000000609e000000,0x000000609e100000) (1024K)]
  0x000001761fbd40b0 JavaThread "PatternSearchJob-worker-7"  daemon [_thread_blocked, id=11336, stack(0x000000609e100000,0x000000609e200000) (1024K)]
  0x000001761fbd1fe0 JavaThread "PatternSearchJob-worker-8"  daemon [_thread_blocked, id=3156, stack(0x000000609e200000,0x000000609e300000) (1024K)]
  0x000001761fbd4740 JavaThread "PatternSearchJob-worker-9"  daemon [_thread_blocked, id=16268, stack(0x000000609e300000,0x000000609e400000) (1024K)]
  0x000001761fbd1950 JavaThread "PatternSearchJob-worker-11" daemon [_thread_blocked, id=9440, stack(0x000000609e500000,0x000000609e600000) (1024K)]
  0x000001761f06aca0 JavaThread "ForkJoinPool.commonPool-worker-8" daemon [_thread_blocked, id=17864, stack(0x000000609a200000,0x000000609a300000) (1024K)]
  0x000001761f06a610 JavaThread "ForkJoinPool.commonPool-worker-9" daemon [_thread_blocked, id=6440, stack(0x000000609a100000,0x000000609a200000) (1024K)]
  0x000001761f067820 JavaThread "ForkJoinPool.commonPool-worker-10" daemon [_thread_in_vm, id=18100, stack(0x000000609a300000,0x000000609a400000) (1024K)]
  0x000001761f068540 JavaThread "ForkJoinPool.commonPool-worker-11" daemon [_thread_blocked, id=3940, stack(0x000000609c300000,0x000000609c400000) (1024K)]
  0x000001761f06d400 JavaThread "ForkJoinPool.commonPool-worker-16" daemon [_thread_blocked, id=11632, stack(0x000000609dd00000,0x000000609de00000) (1024K)]
  0x000001761f06da90 JavaThread "ForkJoinPool.commonPool-worker-17" daemon [_thread_blocked, id=7996, stack(0x000000609e400000,0x000000609e500000) (1024K)]
  0x000001761f06ee40 JavaThread "Cleaner-0"                  daemon [_thread_blocked, id=10008, stack(0x000000609e700000,0x000000609e800000) (1024K)]
Total: 53

Other Threads:
  0x0000017619680d70 VMThread "VM Thread"                           [id=8124, stack(0x000000609a700000,0x000000609a800000) (1024K)]
  0x00000175d711ca00 WatcherThread "VM Periodic Task Thread"        [id=15824, stack(0x000000609a600000,0x000000609a700000) (1024K)]
  0x00000175c07abca0 WorkerThread "GC Thread#0"                     [id=2088, stack(0x000000609a500000,0x000000609a600000) (1024K)]
  0x000001761a88a0b0 WorkerThread "GC Thread#1"                     [id=8708, stack(0x000000609b200000,0x000000609b300000) (1024K)]
  0x000001761a9f1880 WorkerThread "GC Thread#2"                     [id=10396, stack(0x000000609b300000,0x000000609b400000) (1024K)]
  0x000001761a9508e0 WorkerThread "GC Thread#3"                     [id=11564, stack(0x000000609b400000,0x000000609b500000) (1024K)]
  0x000001761a950c90 WorkerThread "GC Thread#4"                     [id=12064, stack(0x000000609b500000,0x000000609b600000) (1024K)]
  0x000001761a951040 WorkerThread "GC Thread#5"                     [id=4580, stack(0x000000609b600000,0x000000609b700000) (1024K)]
  0x000001761a95cb40 WorkerThread "GC Thread#6"                     [id=12668, stack(0x000000609b700000,0x000000609b800000) (1024K)]
  0x000001761add0150 WorkerThread "GC Thread#7"                     [id=5132, stack(0x000000609b900000,0x000000609ba00000) (1024K)]
  0x000001761f3674a0 WorkerThread "GC Thread#8"                     [id=4020, stack(0x000000609bd00000,0x000000609be00000) (1024K)]
  0x000001761f367850 WorkerThread "GC Thread#9"                     [id=15596, stack(0x000000609be00000,0x000000609bf00000) (1024K)]
Total: 12

Threads with active compile tasks:
C2 CompilerThread0  1213578 13973   !   4       org.eclipse.jdt.internal.compiler.classfmt.ClassFileReader::<init> (1968 bytes)
C1 CompilerThread0  1213578 14016   !   2       org.eclipse.jdt.internal.core.search.matching.JavaSearchNameEnvironment::computeModules (87 bytes)
Total: 2

VM state: not at safepoint (normal execution)

VM Mutex/Monitor currently owned by a thread:  ([mutex/lock_event])
[0x00007ffd1615e070] MethodCompileQueue_lock - owner thread: 0x00000176196a74b0
[0x00007ffd1615f470] CodeCache_lock - owner thread: 0x00000176196a74b0
[0x00007ffd1615f5f0] Compile_lock - owner thread: 0x00000176196a74b0

Heap address: 0x0000000080000000, size: 2048 MB, Compressed Oops mode: 32-bit

CDS archive(s) mapped at: [0x00000175d8000000-0x00000175d8ba0000-0x00000175d8ba0000), size 12189696, SharedBaseAddress: 0x00000175d8000000, ArchiveRelocationMode: 1.
Compressed class space mapped at: 0x00000175d9000000-0x0000017619000000, reserved size: 1073741824
Narrow klass base: 0x00000175d8000000, Narrow klass shift: 0, Narrow klass range: 0x100000000

GC Precious Log:
 CardTable entry size: 512
 CPUs: 12 total, 12 available
 Memory: 3405M
 Large Page Support: Disabled
 NUMA Support: Disabled
 Compressed Oops: Enabled (32-bit)
 Alignments: Space 512K, Generation 512K, Heap 2M
 Heap Min Capacity: 100M
 Heap Initial Capacity: 100M
 Heap Max Capacity: 2G
 Pre-touch: Disabled
 Parallel Workers: 10

Heap:
 PSYoungGen      total 7168K, used 4734K [0x00000000d5580000, 0x00000000d5f80000, 0x0000000100000000)
  eden space 6656K, 63% used [0x00000000d5580000,0x00000000d59a2bf0,0x00000000d5c00000)
  from space 512K, 97% used [0x00000000d5e80000,0x00000000d5efcf88,0x00000000d5f00000)
  to   space 512K, 0% used [0x00000000d5f00000,0x00000000d5f00000,0x00000000d5f80000)
 ParOldGen       total 168960K, used 154408K [0x0000000080000000, 0x000000008a500000, 0x00000000d5580000)
  object space 168960K, 91% used [0x0000000080000000,0x00000000896ca248,0x000000008a500000)
 Metaspace       used 71925K, committed 73600K, reserved 1114112K
  class space    used 7463K, committed 8192K, reserved 1048576K

Card table byte_map: [0x00000175c0130000,0x00000175c0540000] _byte_map_base: 0x00000175bfd30000

Marking Bits: (ParMarkBitMap*) 0x00007ffd16164460
 Begin Bits: [0x00000175d2c40000, 0x00000175d4c40000)
 End Bits:   [0x00000175d4c40000, 0x00000175d6c40000)

Polling page: 0x00000175be860000

Metaspace:

Usage:
  Non-class:     62.95 MB used.
      Class:      7.29 MB used.
       Both:     70.24 MB used.

Virtual space:
  Non-class space:       64.00 MB reserved,      63.88 MB (>99%) committed,  1 nodes.
      Class space:        1.00 GB reserved,       8.00 MB ( <1%) committed,  1 nodes.
             Both:        1.06 GB reserved,      71.88 MB (  7%) committed. 

Chunk freelists:
   Non-Class:  133.00 KB
       Class:  8.01 MB
        Both:  8.14 MB

MaxMetaspaceSize: unlimited
CompressedClassSpaceSize: 1.00 GB
Initial GC threshold: 21.00 MB
Current GC threshold: 97.31 MB
CDS: on
 - commit_granule_bytes: 65536.
 - commit_granule_words: 8192.
 - virtual_space_node_default_size: 8388608.
 - enlarge_chunks_in_place: 1.
 - use_allocation_guard: 0.


Internal statistics:

num_allocs_failed_limit: 9.
num_arena_births: 1476.
num_arena_deaths: 30.
num_vsnodes_births: 2.
num_vsnodes_deaths: 0.
num_space_committed: 1150.
num_space_uncommitted: 0.
num_chunks_returned_to_freelist: 46.
num_chunks_taken_from_freelist: 5086.
num_chunk_merges: 18.
num_chunk_splits: 3020.
num_chunks_enlarged: 1530.
num_inconsistent_stats: 0.

CodeHeap 'non-profiled nmethods': size=120000Kb used=6295Kb max_used=6295Kb free=113704Kb
 bounds [0x00000175cb460000, 0x00000175cba90000, 0x00000175d2990000]
CodeHeap 'profiled nmethods': size=120000Kb used=28996Kb max_used=28996Kb free=91003Kb
 bounds [0x00000175c3990000, 0x00000175c55f0000, 0x00000175caec0000]
CodeHeap 'non-nmethods': size=5760Kb used=1462Kb max_used=1520Kb free=4297Kb
 bounds [0x00000175caec0000, 0x00000175cb130000, 0x00000175cb460000]
CodeCache: size=245760Kb, used=36753Kb, max_used=36811Kb, free=209004Kb
 total_blobs=14050, nmethods=13267, adapters=686, full_count=0
Compilation: enabled, stopped_count=0, restarted_count=0

Compilation events (20 events):
Event: 1209.249 Thread 0x00000176196a74b0 13997       3       org.eclipse.lsp4j.jsonrpc.json.adapters.EnumTypeAdapter::write (35 bytes)
Event: 1209.250 Thread 0x00000176196a74b0 nmethod 13997 0x00000175c55d7690 code [0x00000175c55d7880, 0x00000175c55d7e28]
Event: 1209.278 Thread 0x00000176196a74b0 13998       3       org.eclipse.jdt.internal.core.builder.ClasspathLocation::forLibrary (36 bytes)
Event: 1209.283 Thread 0x00000176196a74b0 nmethod 13998 0x00000175c55d8010 code [0x00000175c55d8200, 0x00000175c55d85b0]
Event: 1209.337 Thread 0x00000176196a74b0 13999   !   3       org.eclipse.jdt.internal.core.builder.ClasspathJar::lastModified (79 bytes)
Event: 1209.350 Thread 0x00000176196a74b0 nmethod 13999 0x00000175c55d8790 code [0x00000175c55d8a00, 0x00000175c55d9600]
Event: 1209.400 Thread 0x00000176196a74b0 14000       3       org.eclipse.jdt.internal.core.JarPackageFragmentRoot::calculateHashCode (16 bytes)
Event: 1209.403 Thread 0x00000176196a74b0 nmethod 14000 0x00000175c55d9b90 code [0x00000175c55d9d40, 0x00000175c55d9f68]
Event: 1212.292 Thread 0x00000176196a74b0 14001       3       sun.nio.fs.WindowsFileAttributes::fromFileAttributeData (104 bytes)
Event: 1212.296 Thread 0x00000176196a74b0 nmethod 14001 0x00000175c55da090 code [0x00000175c55da280, 0x00000175c55da728]
Event: 1212.329 Thread 0x00000176196a74b0 14002       3       org.eclipse.jdt.internal.core.ClasspathEntry::isModular (67 bytes)
Event: 1212.333 Thread 0x00000176196a74b0 nmethod 14002 0x00000175c55da990 code [0x00000175c55dab80, 0x00000175c55daf90]
Event: 1212.415 Thread 0x00000176196a74b0 14003   !   3       org.eclipse.jdt.internal.core.JavaModelManager::closeZipFile (105 bytes)
Event: 1212.458 Thread 0x00000176196a74b0 nmethod 14003 0x00000175c55db210 code [0x00000175c55db580, 0x00000175c55dc700]
Event: 1212.459 Thread 0x00000176196a74b0 14004       3       org.eclipse.jdt.internal.core.search.matching.JavaSearchNameEnvironment::addModuleClassPathInfo (43 bytes)
Event: 1212.462 Thread 0x00000176196a74b0 nmethod 14004 0x00000175c55dcd90 code [0x00000175c55dcf60, 0x00000175c55dd2e0]
Event: 1212.507 Thread 0x00000176196a74b0 14007       2       org.eclipse.jdt.internal.core.CompilationUnit::calculateHashCode (15 bytes)
Event: 1212.510 Thread 0x00000176196a74b0 nmethod 14007 0x00000175c55dd410 code [0x00000175c55dd5e0, 0x00000175c55dd808]
Event: 1212.718 Thread 0x00000176196a74b0 14009       2       org.eclipse.jdt.internal.compiler.env.IModuleAwareNameEnvironment::applyModuleUpdates (1 bytes)
Event: 1212.719 Thread 0x00000176196a74b0 nmethod 14009 0x00000175c55dda10 code [0x00000175c55ddba0, 0x00000175c55ddca8]

GC Heap History (20 events):
Event: 691.170 GC heap before
{Heap before GC invocations=149 (full 3):
 PSYoungGen      total 12800K, used 12497K [0x00000000d5580000, 0x00000000d6500000, 0x0000000100000000)
  eden space 9728K, 99% used [0x00000000d5580000,0x00000000d5eff450,0x00000000d5f00000)
  from space 3072K, 90% used [0x00000000d6080000,0x00000000d63351d8,0x00000000d6380000)
  to   space 1536K, 0% used [0x00000000d6380000,0x00000000d6380000,0x00000000d6500000)
 ParOldGen       total 168960K, used 139755K [0x0000000080000000, 0x000000008a500000, 0x00000000d5580000)
  object space 168960K, 82% used [0x0000000080000000,0x000000008887ac90,0x000000008a500000)
 Metaspace       used 69575K, committed 71232K, reserved 1114112K
  class space    used 7205K, committed 7936K, reserved 1048576K
}
Event: 691.181 GC heap after
{Heap after GC invocations=149 (full 3):
 PSYoungGen      total 10752K, used 1531K [0x00000000d5580000, 0x00000000d6900000, 0x0000000100000000)
  eden space 9216K, 0% used [0x00000000d5580000,0x00000000d5580000,0x00000000d5e80000)
  from space 1536K, 99% used [0x00000000d6380000,0x00000000d64fed70,0x00000000d6500000)
  to   space 5120K, 0% used [0x00000000d5e80000,0x00000000d5e80000,0x00000000d6380000)
 ParOldGen       total 168960K, used 142756K [0x0000000080000000, 0x000000008a500000, 0x00000000d5580000)
  object space 168960K, 84% used [0x0000000080000000,0x0000000088b693d8,0x000000008a500000)
 Metaspace       used 69575K, committed 71232K, reserved 1114112K
  class space    used 7205K, committed 7936K, reserved 1048576K
}
Event: 691.372 GC heap before
{Heap before GC invocations=150 (full 3):
 PSYoungGen      total 10752K, used 10726K [0x00000000d5580000, 0x00000000d6900000, 0x0000000100000000)
  eden space 9216K, 99% used [0x00000000d5580000,0x00000000d5e7ac60,0x00000000d5e80000)
  from space 1536K, 99% used [0x00000000d6380000,0x00000000d64fed70,0x00000000d6500000)
  to   space 5120K, 0% used [0x00000000d5e80000,0x00000000d5e80000,0x00000000d6380000)
 ParOldGen       total 168960K, used 142756K [0x0000000080000000, 0x000000008a500000, 0x00000000d5580000)
  object space 168960K, 84% used [0x0000000080000000,0x0000000088b693d8,0x000000008a500000)
 Metaspace       used 70333K, committed 72000K, reserved 1114112K
  class space    used 7300K, committed 8000K, reserved 1048576K
}
Event: 691.377 GC heap after
{Heap after GC invocations=150 (full 3):
 PSYoungGen      total 10240K, used 980K [0x00000000d5580000, 0x00000000d6400000, 0x0000000100000000)
  eden space 9216K, 0% used [0x00000000d5580000,0x00000000d5580000,0x00000000d5e80000)
  from space 1024K, 95% used [0x00000000d5e80000,0x00000000d5f75318,0x00000000d5f80000)
  to   space 2560K, 0% used [0x00000000d6180000,0x00000000d6180000,0x00000000d6400000)
 ParOldGen       total 168960K, used 143580K [0x0000000080000000, 0x000000008a500000, 0x00000000d5580000)
  object space 168960K, 84% used [0x0000000080000000,0x0000000088c371b0,0x000000008a500000)
 Metaspace       used 70333K, committed 72000K, reserved 1114112K
  class space    used 7300K, committed 8000K, reserved 1048576K
}
Event: 691.493 GC heap before
{Heap before GC invocations=151 (full 3):
 PSYoungGen      total 10240K, used 10196K [0x00000000d5580000, 0x00000000d6400000, 0x0000000100000000)
  eden space 9216K, 100% used [0x00000000d5580000,0x00000000d5e80000,0x00000000d5e80000)
  from space 1024K, 95% used [0x00000000d5e80000,0x00000000d5f75318,0x00000000d5f80000)
  to   space 2560K, 0% used [0x00000000d6180000,0x00000000d6180000,0x00000000d6400000)
 ParOldGen       total 168960K, used 143580K [0x0000000080000000, 0x000000008a500000, 0x00000000d5580000)
  object space 168960K, 84% used [0x0000000080000000,0x0000000088c371b0,0x000000008a500000)
 Metaspace       used 71041K, committed 72768K, reserved 1114112K
  class space    used 7394K, committed 8128K, reserved 1048576K
}
Event: 691.497 GC heap after
{Heap after GC invocations=151 (full 3):
 PSYoungGen      total 9728K, used 481K [0x00000000d5580000, 0x00000000d6200000, 0x0000000100000000)
  eden space 9216K, 0% used [0x00000000d5580000,0x00000000d5580000,0x00000000d5e80000)
  from space 512K, 93% used [0x00000000d6180000,0x00000000d61f8488,0x00000000d6200000)
  to   space 1024K, 0% used [0x00000000d6000000,0x00000000d6000000,0x00000000d6100000)
 ParOldGen       total 168960K, used 144220K [0x0000000080000000, 0x000000008a500000, 0x00000000d5580000)
  object space 168960K, 85% used [0x0000000080000000,0x0000000088cd71b0,0x000000008a500000)
 Metaspace       used 71041K, committed 72768K, reserved 1114112K
  class space    used 7394K, committed 8128K, reserved 1048576K
}
Event: 691.593 GC heap before
{Heap before GC invocations=152 (full 3):
 PSYoungGen      total 9728K, used 9697K [0x00000000d5580000, 0x00000000d6200000, 0x0000000100000000)
  eden space 9216K, 100% used [0x00000000d5580000,0x00000000d5e80000,0x00000000d5e80000)
  from space 512K, 93% used [0x00000000d6180000,0x00000000d61f8488,0x00000000d6200000)
  to   space 1024K, 0% used [0x00000000d6000000,0x00000000d6000000,0x00000000d6100000)
 ParOldGen       total 168960K, used 144220K [0x0000000080000000, 0x000000008a500000, 0x00000000d5580000)
  object space 168960K, 85% used [0x0000000080000000,0x0000000088cd71b0,0x000000008a500000)
 Metaspace       used 71369K, committed 73088K, reserved 1114112K
  class space    used 7439K, committed 8192K, reserved 1048576K
}
Event: 691.595 GC heap after
{Heap after GC invocations=152 (full 3):
 PSYoungGen      total 10240K, used 384K [0x00000000d5580000, 0x00000000d6200000, 0x0000000100000000)
  eden space 9216K, 0% used [0x00000000d5580000,0x00000000d5580000,0x00000000d5e80000)
  from space 1024K, 37% used [0x00000000d6000000,0x00000000d6060000,0x00000000d6100000)
  to   space 512K, 0% used [0x00000000d6180000,0x00000000d6180000,0x00000000d6200000)
 ParOldGen       total 168960K, used 144519K [0x0000000080000000, 0x000000008a500000, 0x00000000d5580000)
  object space 168960K, 85% used [0x0000000080000000,0x0000000088d21d78,0x000000008a500000)
 Metaspace       used 71369K, committed 73088K, reserved 1114112K
  class space    used 7439K, committed 8192K, reserved 1048576K
}
Event: 691.657 GC heap before
{Heap before GC invocations=153 (full 3):
 PSYoungGen      total 10240K, used 9600K [0x00000000d5580000, 0x00000000d6200000, 0x0000000100000000)
  eden space 9216K, 100% used [0x00000000d5580000,0x00000000d5e80000,0x00000000d5e80000)
  from space 1024K, 37% used [0x00000000d6000000,0x00000000d6060000,0x00000000d6100000)
  to   space 512K, 0% used [0x00000000d6180000,0x00000000d6180000,0x00000000d6200000)
 ParOldGen       total 168960K, used 144519K [0x0000000080000000, 0x000000008a500000, 0x00000000d5580000)
  object space 168960K, 85% used [0x0000000080000000,0x0000000088d21d78,0x000000008a500000)
 Metaspace       used 71425K, committed 73152K, reserved 1114112K
  class space    used 7443K, committed 8192K, reserved 1048576K
}
Event: 691.672 GC heap after
{Heap after GC invocations=153 (full 3):
 PSYoungGen      total 7168K, used 506K [0x00000000d5580000, 0x00000000d6980000, 0x0000000100000000)
  eden space 6656K, 0% used [0x00000000d5580000,0x00000000d5580000,0x00000000d5c00000)
  from space 512K, 99% used [0x00000000d6180000,0x00000000d61feb88,0x00000000d6200000)
  to   space 5632K, 0% used [0x00000000d5c00000,0x00000000d5c00000,0x00000000d6180000)
 ParOldGen       total 168960K, used 148775K [0x0000000080000000, 0x000000008a500000, 0x00000000d5580000)
  object space 168960K, 88% used [0x0000000080000000,0x0000000089149da0,0x000000008a500000)
 Metaspace       used 71425K, committed 73152K, reserved 1114112K
  class space    used 7443K, committed 8192K, reserved 1048576K
}
Event: 691.744 GC heap before
{Heap before GC invocations=154 (full 3):
 PSYoungGen      total 7168K, used 7162K [0x00000000d5580000, 0x00000000d6980000, 0x0000000100000000)
  eden space 6656K, 100% used [0x00000000d5580000,0x00000000d5c00000,0x00000000d5c00000)
  from space 512K, 99% used [0x00000000d6180000,0x00000000d61feb88,0x00000000d6200000)
  to   space 5632K, 0% used [0x00000000d5c00000,0x00000000d5c00000,0x00000000d6180000)
 ParOldGen       total 168960K, used 148775K [0x0000000080000000, 0x000000008a500000, 0x00000000d5580000)
  object space 168960K, 88% used [0x0000000080000000,0x0000000089149da0,0x000000008a500000)
 Metaspace       used 71443K, committed 73152K, reserved 1114112K
  class space    used 7443K, committed 8192K, reserved 1048576K
}
Event: 691.746 GC heap after
{Heap after GC invocations=154 (full 3):
 PSYoungGen      total 9728K, used 2661K [0x00000000d5580000, 0x00000000d6300000, 0x0000000100000000)
  eden space 6656K, 0% used [0x00000000d5580000,0x00000000d5580000,0x00000000d5c00000)
  from space 3072K, 86% used [0x00000000d5c00000,0x00000000d5e99470,0x00000000d5f00000)
  to   space 3584K, 0% used [0x00000000d5f80000,0x00000000d5f80000,0x00000000d6300000)
 ParOldGen       total 168960K, used 149289K [0x0000000080000000, 0x000000008a500000, 0x00000000d5580000)
  object space 168960K, 88% used [0x0000000080000000,0x00000000891ca660,0x000000008a500000)
 Metaspace       used 71443K, committed 73152K, reserved 1114112K
  class space    used 7443K, committed 8192K, reserved 1048576K
}
Event: 691.798 GC heap before
{Heap before GC invocations=155 (full 3):
 PSYoungGen      total 9728K, used 9317K [0x00000000d5580000, 0x00000000d6300000, 0x0000000100000000)
  eden space 6656K, 100% used [0x00000000d5580000,0x00000000d5c00000,0x00000000d5c00000)
  from space 3072K, 86% used [0x00000000d5c00000,0x00000000d5e99470,0x00000000d5f00000)
  to   space 3584K, 0% used [0x00000000d5f80000,0x00000000d5f80000,0x00000000d6300000)
 ParOldGen       total 168960K, used 149289K [0x0000000080000000, 0x000000008a500000, 0x00000000d5580000)
  object space 168960K, 88% used [0x0000000080000000,0x00000000891ca660,0x000000008a500000)
 Metaspace       used 71559K, committed 73280K, reserved 1114112K
  class space    used 7443K, committed 8192K, reserved 1048576K
}
Event: 691.803 GC heap after
{Heap after GC invocations=155 (full 3):
 PSYoungGen      total 7680K, used 674K [0x00000000d5580000, 0x00000000d6080000, 0x0000000100000000)
  eden space 6656K, 0% used [0x00000000d5580000,0x00000000d5580000,0x00000000d5c00000)
  from space 1024K, 65% used [0x00000000d5f80000,0x00000000d6028910,0x00000000d6080000)
  to   space 1536K, 0% used [0x00000000d5d80000,0x00000000d5d80000,0x00000000d5f00000)
 ParOldGen       total 168960K, used 150166K [0x0000000080000000, 0x000000008a500000, 0x00000000d5580000)
  object space 168960K, 88% used [0x0000000080000000,0x00000000892a5998,0x000000008a500000)
 Metaspace       used 71559K, committed 73280K, reserved 1114112K
  class space    used 7443K, committed 8192K, reserved 1048576K
}
Event: 691.855 GC heap before
{Heap before GC invocations=156 (full 3):
 PSYoungGen      total 7680K, used 7330K [0x00000000d5580000, 0x00000000d6080000, 0x0000000100000000)
  eden space 6656K, 100% used [0x00000000d5580000,0x00000000d5c00000,0x00000000d5c00000)
  from space 1024K, 65% used [0x00000000d5f80000,0x00000000d6028910,0x00000000d6080000)
  to   space 1536K, 0% used [0x00000000d5d80000,0x00000000d5d80000,0x00000000d5f00000)
 ParOldGen       total 168960K, used 150166K [0x0000000080000000, 0x000000008a500000, 0x00000000d5580000)
  object space 168960K, 88% used [0x0000000080000000,0x00000000892a5998,0x000000008a500000)
 Metaspace       used 71766K, committed 73472K, reserved 1114112K
  class space    used 7453K, committed 8192K, reserved 1048576K
}
Event: 691.858 GC heap after
{Heap after GC invocations=156 (full 3):
 PSYoungGen      total 8192K, used 224K [0x00000000d5580000, 0x00000000d6000000, 0x0000000100000000)
  eden space 6656K, 0% used [0x00000000d5580000,0x00000000d5580000,0x00000000d5c00000)
  from space 1536K, 14% used [0x00000000d5d80000,0x00000000d5db8000,0x00000000d5f00000)
  to   space 1024K, 0% used [0x00000000d5f00000,0x00000000d5f00000,0x00000000d6000000)
 ParOldGen       total 168960K, used 150552K [0x0000000080000000, 0x000000008a500000, 0x00000000d5580000)
  object space 168960K, 89% used [0x0000000080000000,0x00000000893062a8,0x000000008a500000)
 Metaspace       used 71766K, committed 73472K, reserved 1114112K
  class space    used 7453K, committed 8192K, reserved 1048576K
}
Event: 1208.919 GC heap before
{Heap before GC invocations=157 (full 3):
 PSYoungGen      total 8192K, used 6879K [0x00000000d5580000, 0x00000000d6000000, 0x0000000100000000)
  eden space 6656K, 99% used [0x00000000d5580000,0x00000000d5bffff8,0x00000000d5c00000)
  from space 1536K, 14% used [0x00000000d5d80000,0x00000000d5db8000,0x00000000d5f00000)
  to   space 1024K, 0% used [0x00000000d5f00000,0x00000000d5f00000,0x00000000d6000000)
 ParOldGen       total 168960K, used 150552K [0x0000000080000000, 0x000000008a500000, 0x00000000d5580000)
  object space 168960K, 89% used [0x0000000080000000,0x00000000893062a8,0x000000008a500000)
 Metaspace       used 71899K, committed 73600K, reserved 1114112K
  class space    used 7459K, committed 8192K, reserved 1048576K
}
Event: 1209.063 GC heap after
{Heap after GC invocations=157 (full 3):
 PSYoungGen      total 7168K, used 436K [0x00000000d5580000, 0x00000000d5f80000, 0x0000000100000000)
  eden space 6656K, 0% used [0x00000000d5580000,0x00000000d5580000,0x00000000d5c00000)
  from space 512K, 85% used [0x00000000d5f00000,0x00000000d5f6d220,0x00000000d5f80000)
  to   space 512K, 0% used [0x00000000d5e80000,0x00000000d5e80000,0x00000000d5f00000)
 ParOldGen       total 168960K, used 150624K [0x0000000080000000, 0x000000008a500000, 0x00000000d5580000)
  object space 168960K, 89% used [0x0000000080000000,0x00000000893182a8,0x000000008a500000)
 Metaspace       used 71899K, committed 73600K, reserved 1114112K
  class space    used 7459K, committed 8192K, reserved 1048576K
}
Event: 1209.449 GC heap before
{Heap before GC invocations=158 (full 3):
 PSYoungGen      total 7168K, used 7091K [0x00000000d5580000, 0x00000000d5f80000, 0x0000000100000000)
  eden space 6656K, 99% used [0x00000000d5580000,0x00000000d5bffb58,0x00000000d5c00000)
  from space 512K, 85% used [0x00000000d5f00000,0x00000000d5f6d220,0x00000000d5f80000)
  to   space 512K, 0% used [0x00000000d5e80000,0x00000000d5e80000,0x00000000d5f00000)
 ParOldGen       total 168960K, used 150624K [0x0000000080000000, 0x000000008a500000, 0x00000000d5580000)
  object space 168960K, 89% used [0x0000000080000000,0x00000000893182a8,0x000000008a500000)
 Metaspace       used 71919K, committed 73600K, reserved 1114112K
  class space    used 7463K, committed 8192K, reserved 1048576K
}
Event: 1212.288 GC heap after
{Heap after GC invocations=158 (full 3):
 PSYoungGen      total 7168K, used 499K [0x00000000d5580000, 0x00000000d5f80000, 0x0000000100000000)
  eden space 6656K, 0% used [0x00000000d5580000,0x00000000d5580000,0x00000000d5c00000)
  from space 512K, 97% used [0x00000000d5e80000,0x00000000d5efcf88,0x00000000d5f00000)
  to   space 512K, 0% used [0x00000000d5f00000,0x00000000d5f00000,0x00000000d5f80000)
 ParOldGen       total 168960K, used 154408K [0x0000000080000000, 0x000000008a500000, 0x00000000d5580000)
  object space 168960K, 91% used [0x0000000080000000,0x00000000896ca248,0x000000008a500000)
 Metaspace       used 71919K, committed 73600K, reserved 1114112K
  class space    used 7463K, committed 8192K, reserved 1048576K
}

Dll operation events (11 events):
Event: 0.015 Loaded shared library c:\Users\Ramya\.vscode\extensions\redhat.java-1.55.0-win32-x64\jre\21.0.11-win32-x86_64\bin\java.dll
Event: 0.182 Loaded shared library c:\Users\Ramya\.vscode\extensions\redhat.java-1.55.0-win32-x64\jre\21.0.11-win32-x86_64\bin\zip.dll
Event: 0.226 Loaded shared library C:\Users\Ramya\.vscode\extensions\redhat.java-1.55.0-win32-x64\jre\21.0.11-win32-x86_64\bin\instrument.dll
Event: 0.240 Loaded shared library C:\Users\Ramya\.vscode\extensions\redhat.java-1.55.0-win32-x64\jre\21.0.11-win32-x86_64\bin\net.dll
Event: 0.246 Loaded shared library C:\Users\Ramya\.vscode\extensions\redhat.java-1.55.0-win32-x64\jre\21.0.11-win32-x86_64\bin\nio.dll
Event: 0.255 Loaded shared library C:\Users\Ramya\.vscode\extensions\redhat.java-1.55.0-win32-x64\jre\21.0.11-win32-x86_64\bin\zip.dll
Event: 0.288 Loaded shared library C:\Users\Ramya\.vscode\extensions\redhat.java-1.55.0-win32-x64\jre\21.0.11-win32-x86_64\bin\jimage.dll
Event: 0.480 Loaded shared library c:\Users\Ramya\.vscode\extensions\redhat.java-1.55.0-win32-x64\jre\21.0.11-win32-x86_64\bin\verify.dll
Event: 3.856 Loaded shared library C:\Users\Ramya\AppData\Roaming\Code\User\globalStorage\redhat.java\1.55.0\config_win\org.eclipse.equinox.launcher\org.eclipse.equinox.launcher.win32.win32.x86_64_1.3.100.v20260613-0559\eclipse_11924.dll
Event: 16.752 Loaded shared library C:\Users\Ramya\AppData\Local\Temp\jna-78727046\jna4967872596902576898.dll
Event: 37.509 Loaded shared library C:\Users\Ramya\.vscode\extensions\redhat.java-1.55.0-win32-x64\jre\21.0.11-win32-x86_64\bin\sunmscapi.dll

Deoptimization events (20 events):
Event: 691.752 Thread 0x000001761f06e120 DEOPT PACKING pc=0x00000175c54b9c42 sp=0x000000609e6fcef0
Event: 691.752 Thread 0x000001761f06e120 DEOPT UNPACKING pc=0x00000175caf14242 sp=0x000000609e6fc360 mode 0
Event: 691.760 Thread 0x000001761f06e120 DEOPT PACKING pc=0x00000175c54b9c42 sp=0x000000609e6fd110
Event: 691.760 Thread 0x000001761f06e120 DEOPT UNPACKING pc=0x00000175caf14242 sp=0x000000609e6fc580 mode 0
Event: 691.763 Thread 0x000001761f06e120 DEOPT PACKING pc=0x00000175c54b9c42 sp=0x000000609e6fccb0
Event: 691.763 Thread 0x000001761f06e120 DEOPT UNPACKING pc=0x00000175caf14242 sp=0x000000609e6fc120 mode 0
Event: 691.764 Thread 0x000001761f06e120 DEOPT PACKING pc=0x00000175c54b9c42 sp=0x000000609e6fca40
Event: 691.764 Thread 0x000001761f06e120 DEOPT UNPACKING pc=0x00000175caf14242 sp=0x000000609e6fbeb0 mode 0
Event: 691.778 Thread 0x000001761f06e120 DEOPT PACKING pc=0x00000175c4eff557 sp=0x000000609e6fe840
Event: 691.778 Thread 0x000001761f06e120 DEOPT UNPACKING pc=0x00000175caf14242 sp=0x000000609e6fdd70 mode 0
Event: 691.840 Thread 0x000001761f06e120 Uncommon trap: trap_request=0xffffffde fr.pc=0x00000175cb5e0d98 relative=0x0000000000000078
Event: 691.840 Thread 0x000001761f06e120 Uncommon trap: reason=class_check action=maybe_recompile pc=0x00000175cb5e0d98 method=java.util.LinkedHashMap.afterNodeInsertion(Z)V @ 15 c2
Event: 691.840 Thread 0x000001761f06e120 DEOPT PACKING pc=0x00000175cb5e0d98 sp=0x000000609e6febf0
Event: 691.840 Thread 0x000001761f06e120 DEOPT UNPACKING pc=0x00000175caf13aa2 sp=0x000000609e6feb68 mode 2
Event: 1034.774 Thread 0x000001761f06c6e0 DEOPT PACKING pc=0x00000175c4efec04 sp=0x000000609c7fe7d0
Event: 1034.775 Thread 0x000001761f06c6e0 DEOPT UNPACKING pc=0x00000175caf14242 sp=0x000000609c7fdc78 mode 0
Event: 1034.786 Thread 0x000001761f06c6e0 DEOPT PACKING pc=0x00000175c4efec04 sp=0x000000609c7fe7d0
Event: 1034.787 Thread 0x000001761f06c6e0 DEOPT UNPACKING pc=0x00000175caf14242 sp=0x000000609c7fdc78 mode 0
Event: 1208.823 Thread 0x000001761f067820 DEOPT PACKING pc=0x00000175c48d9d22 sp=0x000000609a3fd4c0
Event: 1208.825 Thread 0x000001761f067820 DEOPT UNPACKING pc=0x00000175caf14242 sp=0x000000609a3fca38 mode 0

Classes loaded (20 events):
Event: 44.917 Loading class java/util/AbstractList$SubList done
Event: 44.917 Loading class java/util/AbstractList$RandomAccessSubList done
Event: 44.917 Loading class java/util/AbstractList$SubList$1
Event: 44.918 Loading class java/util/AbstractList$SubList$1 done
Event: 45.299 Loading class java/util/stream/ReferencePipeline$4
Event: 45.300 Loading class java/util/stream/ReferencePipeline$4 done
Event: 45.301 Loading class java/util/stream/Nodes$IntFixedNodeBuilder
Event: 45.302 Loading class java/util/stream/Node$Builder$OfInt
Event: 45.302 Loading class java/util/stream/Node$Builder$OfInt done
Event: 45.302 Loading class java/util/stream/Nodes$IntArrayNode
Event: 45.303 Loading class java/util/stream/Nodes$IntArrayNode done
Event: 45.303 Loading class java/util/stream/Nodes$IntFixedNodeBuilder done
Event: 45.303 Loading class java/util/stream/ReferencePipeline$4$1
Event: 45.303 Loading class java/util/stream/ReferencePipeline$4$1 done
Event: 690.454 Loading class jdk/internal/ref/CleanerImpl$InnocuousThreadFactory
Event: 690.455 Loading class jdk/internal/ref/CleanerImpl$InnocuousThreadFactory done
Event: 691.522 Loading class java/util/regex/Pattern$Behind
Event: 691.522 Loading class java/util/regex/Pattern$Behind done
Event: 691.523 Loading class java/util/regex/Pattern$Neg
Event: 691.523 Loading class java/util/regex/Pattern$Neg done

Classes unloaded (15 events):
Event: 21.089 Thread 0x0000017619680d70 Unloading class 0x00000175d91a8c00 'java/lang/invoke/LambdaForm$MH+0x00000175d91a8c00'
Event: 21.089 Thread 0x0000017619680d70 Unloading class 0x00000175d91a8800 'java/lang/invoke/LambdaForm$MH+0x00000175d91a8800'
Event: 21.089 Thread 0x0000017619680d70 Unloading class 0x00000175d91a8400 'java/lang/invoke/LambdaForm$MH+0x00000175d91a8400'
Event: 21.089 Thread 0x0000017619680d70 Unloading class 0x00000175d91a8000 'java/lang/invoke/LambdaForm$MH+0x00000175d91a8000'
Event: 21.089 Thread 0x0000017619680d70 Unloading class 0x00000175d91a7c00 'java/lang/invoke/LambdaForm$BMH+0x00000175d91a7c00'
Event: 21.089 Thread 0x0000017619680d70 Unloading class 0x00000175d91a7800 'java/lang/invoke/LambdaForm$DMH+0x00000175d91a7800'
Event: 21.089 Thread 0x0000017619680d70 Unloading class 0x00000175d91a6400 'java/lang/invoke/LambdaForm$DMH+0x00000175d91a6400'
Event: 41.281 Thread 0x0000017619680d70 Unloading class 0x00000175d9572c00 'java/lang/invoke/LambdaForm$MH+0x00000175d9572c00'
Event: 41.281 Thread 0x0000017619680d70 Unloading class 0x00000175d9572400 'java/lang/invoke/LambdaForm$MH+0x00000175d9572400'
Event: 41.281 Thread 0x0000017619680d70 Unloading class 0x00000175d9571c00 'java/lang/invoke/LambdaForm$MH+0x00000175d9571c00'
Event: 41.281 Thread 0x0000017619680d70 Unloading class 0x00000175d9571800 'java/lang/invoke/LambdaForm$MH+0x00000175d9571800'
Event: 41.281 Thread 0x0000017619680d70 Unloading class 0x00000175d9571000 'java/lang/invoke/LambdaForm$DMH+0x00000175d9571000'
Event: 41.281 Thread 0x0000017619680d70 Unloading class 0x00000175d9569c00 'java/lang/invoke/LambdaForm$MH+0x00000175d9569c00'
Event: 41.282 Thread 0x0000017619680d70 Unloading class 0x00000175d9569800 'java/lang/invoke/LambdaForm$MH+0x00000175d9569800'
Event: 41.282 Thread 0x0000017619680d70 Unloading class 0x00000175d9568c00 'java/lang/invoke/LambdaForm$MH+0x00000175d9568c00'

Classes redefined (0 events):
No events

Internal exceptions (20 events):
Event: 691.015 Thread 0x000001761a90b020 Implicit null exception at 0x00000175c516bf75 to 0x00000175c516d153
Event: 691.015 Thread 0x000001761a90b020 Exception <a 'java/lang/NullPointerException'{0x00000000d5d6b8e8}> (0x00000000d5d6b8e8) 
thrown [s\src\hotspot\share\runtime\sharedRuntime.cpp, line 625]
Event: 691.016 Thread 0x000001761a90b020 Implicit null exception at 0x00000175c516bf75 to 0x00000175c516d153
Event: 691.016 Thread 0x000001761a90b020 Exception <a 'java/lang/NullPointerException'{0x00000000d5d79bf0}> (0x00000000d5d79bf0) 
thrown [s\src\hotspot\share\runtime\sharedRuntime.cpp, line 625]
Event: 691.016 Thread 0x000001761a90b020 Implicit null exception at 0x00000175c516bf75 to 0x00000175c516d153
Event: 691.016 Thread 0x000001761a90b020 Exception <a 'java/lang/NullPointerException'{0x00000000d5d7afa0}> (0x00000000d5d7afa0) 
thrown [s\src\hotspot\share\runtime\sharedRuntime.cpp, line 625]
Event: 691.016 Thread 0x000001761a90b020 Implicit null exception at 0x00000175c516bf75 to 0x00000175c516d153
Event: 691.016 Thread 0x000001761a90b020 Exception <a 'java/lang/NullPointerException'{0x00000000d5d7c138}> (0x00000000d5d7c138) 
thrown [s\src\hotspot\share\runtime\sharedRuntime.cpp, line 625]
Event: 691.045 Thread 0x000001761a90b020 Implicit null exception at 0x00000175c516bf75 to 0x00000175c516d153
Event: 691.045 Thread 0x000001761a90b020 Exception <a 'java/lang/NullPointerException'{0x00000000d5626758}> (0x00000000d5626758) 
thrown [s\src\hotspot\share\runtime\sharedRuntime.cpp, line 625]
Event: 691.046 Thread 0x000001761a90b020 Implicit null exception at 0x00000175c516bf75 to 0x00000175c516d153
Event: 691.046 Thread 0x000001761a90b020 Exception <a 'java/lang/NullPointerException'{0x00000000d563b728}> (0x00000000d563b728) 
thrown [s\src\hotspot\share\runtime\sharedRuntime.cpp, line 625]
Event: 691.046 Thread 0x000001761a90b020 Implicit null exception at 0x00000175c516bf75 to 0x00000175c516d153
Event: 691.046 Thread 0x000001761a90b020 Exception <a 'java/lang/NullPointerException'{0x00000000d563cad8}> (0x00000000d563cad8) 
thrown [s\src\hotspot\share\runtime\sharedRuntime.cpp, line 625]
Event: 691.046 Thread 0x000001761a90b020 Implicit null exception at 0x00000175c516bf75 to 0x00000175c516d153
Event: 691.046 Thread 0x000001761a90b020 Exception <a 'java/lang/NullPointerException'{0x00000000d563dc70}> (0x00000000d563dc70) 
thrown [s\src\hotspot\share\runtime\sharedRuntime.cpp, line 625]
Event: 691.458 Thread 0x000001761f06cd70 Exception <a 'java/lang/NoSuchMethodError'{0x00000000d5d07838}: 'void java.lang.invoke.DirectMethodHandle$Holder.invokeSpecial(java.lang.Object, java.lang.Object, int)'> (0x00000000d5d07838) 
thrown [s\src\hotspot\share\interpreter\linkResolver.cpp, line 773]
Event: 691.545 Thread 0x000001761f06cd70 Exception <a 'java/lang/NoSuchMethodError'{0x00000000d57de088}: 'int java.lang.invoke.DirectMethodHandle$Holder.invokeVirtual(java.lang.Object, java.lang.Object, java.lang.Object, int)'> (0x00000000d57de088) 
thrown [s\src\hotspot\share\interpreter\linkResolver.cpp, line 773]
Event: 691.545 Thread 0x000001761f06cd70 Implicit null exception at 0x00000175cb9b83f7 to 0x00000175cb9b8660
Event: 855.534 Thread 0x000001761fcbe710 Exception <a 'java/lang/IncompatibleClassChangeError'{0x00000000d57b7168}: Found class java.lang.Object, but interface was expected> (0x00000000d57b7168) 
thrown [s\src\hotspot\share\interpreter\linkResolver.cpp, line 840]

ZGC Phase Switch (0 events):
No events

VM Operations (20 events):
Event: 801.046 Executing safepoint VM operation: Cleanup
Event: 801.047 Executing safepoint VM operation: Cleanup done
Event: 837.361 Executing safepoint VM operation: Cleanup
Event: 838.180 Executing safepoint VM operation: Cleanup done
Event: 1016.509 Executing safepoint VM operation: Cleanup
Event: 1016.514 Executing safepoint VM operation: Cleanup done
Event: 1082.448 Executing non-safepoint VM operation: HandshakeAllThreads (HandshakeForDeflation)
Event: 1082.450 Executing non-safepoint VM operation: HandshakeAllThreads (HandshakeForDeflation) done
Event: 1082.450 Executing non-safepoint VM operation: RendezvousGCThreads
Event: 1082.450 Executing non-safepoint VM operation: RendezvousGCThreads done
Event: 1207.403 Executing safepoint VM operation: Cleanup
Event: 1207.418 Executing safepoint VM operation: Cleanup done
Event: 1208.427 Executing safepoint VM operation: Cleanup
Event: 1208.831 Executing safepoint VM operation: Cleanup done
Event: 1208.918 Executing safepoint VM operation: ParallelGCFailedAllocation (Allocation Failure)
Event: 1209.064 Executing safepoint VM operation: ParallelGCFailedAllocation (Allocation Failure) done
Event: 1209.448 Executing safepoint VM operation: ParallelGCFailedAllocation (Allocation Failure)
Event: 1212.289 Executing safepoint VM operation: ParallelGCFailedAllocation (Allocation Failure) done
Event: 1213.292 Executing safepoint VM operation: Cleanup
Event: 1213.292 Executing safepoint VM operation: Cleanup done

Memory protections (0 events):
No events

Nmethod flushes (20 events):
Event: 41.529 Thread 0x0000017619680d70 flushing  nmethod 0x00000175c426a710
Event: 41.529 Thread 0x0000017619680d70 flushing  nmethod 0x00000175c4282e10
Event: 41.529 Thread 0x0000017619680d70 flushing  nmethod 0x00000175c4283290
Event: 41.529 Thread 0x0000017619680d70 flushing  nmethod 0x00000175c428fc10
Event: 41.529 Thread 0x0000017619680d70 flushing  nmethod 0x00000175c4291c90
Event: 41.529 Thread 0x0000017619680d70 flushing  nmethod 0x00000175c4293210
Event: 41.529 Thread 0x0000017619680d70 flushing  nmethod 0x00000175c42c3490
Event: 41.529 Thread 0x0000017619680d70 flushing  nmethod 0x00000175c42e2910
Event: 41.529 Thread 0x0000017619680d70 flushing  nmethod 0x00000175c42e2e90
Event: 41.529 Thread 0x0000017619680d70 flushing  nmethod 0x00000175c42e4790
Event: 41.529 Thread 0x0000017619680d70 flushing  nmethod 0x00000175c42e4b10
Event: 41.529 Thread 0x0000017619680d70 flushing  nmethod 0x00000175c42e7190
Event: 41.529 Thread 0x0000017619680d70 flushing  nmethod 0x00000175c42e7690
Event: 41.529 Thread 0x0000017619680d70 flushing  nmethod 0x00000175c42e7e90
Event: 41.529 Thread 0x0000017619680d70 flushing  nmethod 0x00000175c42ec390
Event: 41.529 Thread 0x0000017619680d70 flushing  nmethod 0x00000175c42edc90
Event: 41.529 Thread 0x0000017619680d70 flushing  nmethod 0x00000175c42f0890
Event: 41.529 Thread 0x0000017619680d70 flushing  nmethod 0x00000175c42f0e90
Event: 41.529 Thread 0x0000017619680d70 flushing  nmethod 0x00000175c42f1710
Event: 41.529 Thread 0x0000017619680d70 flushing  nmethod 0x00000175c4327f10

Events (20 events):
Event: 572.698 Thread 0x000001761fcbe710 Thread added: 0x000001761f06aca0
Event: 642.594 Thread 0x000001761fbd12c0 Thread exited: 0x000001761fbd12c0
Event: 686.865 Thread 0x000001761f067820 Thread exited: 0x000001761f067820
Event: 688.495 Thread 0x000001761fcbe710 Thread added: 0x000001761f06a610
Event: 688.501 Thread 0x000001761fcbe710 Thread added: 0x000001761f067820
Event: 688.505 Thread 0x000001761fcbe710 Thread added: 0x000001761f068540
Event: 688.507 Thread 0x000001761fcbe710 Thread added: 0x000001761f06c6e0
Event: 688.508 Thread 0x000001761f06c6e0 Thread added: 0x000001761f06e7b0
Event: 688.509 Thread 0x000001761f06e7b0 Thread added: 0x000001761f06cd70
Event: 688.519 Thread 0x000001761fcbe710 Thread added: 0x000001761f06b330
Event: 688.521 Thread 0x000001761fcbe710 Thread added: 0x000001761f06d400
Event: 688.525 Thread 0x000001761fcbe710 Thread added: 0x000001761f06da90
Event: 688.527 Thread 0x000001761f06da90 Thread added: 0x000001761f06e120
Event: 690.456 Thread 0x000001761f06cd70 Thread added: 0x000001761f06ee40
Event: 751.884 Thread 0x000001761f06e120 Thread exited: 0x000001761f06e120
Event: 915.657 Thread 0x000001761f06e7b0 Thread exited: 0x000001761f06e7b0
Event: 975.710 Thread 0x000001761f06cd70 Thread exited: 0x000001761f06cd70
Event: 991.630 Thread 0x000001761fcbeda0 Thread exited: 0x000001761fcbeda0
Event: 1094.827 Thread 0x000001761f06c6e0 Thread exited: 0x000001761f06c6e0
Event: 1154.816 Thread 0x000001761f06b330 Thread exited: 0x000001761f06b330


Dynamic libraries:
0x00007ff666230000 - 0x00007ff66623e000 	c:\Users\Ramya\.vscode\extensions\redhat.java-1.55.0-win32-x64\jre\21.0.11-win32-x86_64\bin\java.exe
0x00007ffdaa560000 - 0x00007ffdaa7c6000 	C:\WINDOWS\SYSTEM32\ntdll.dll
0x00007ffda9890000 - 0x00007ffda9959000 	C:\WINDOWS\System32\KERNEL32.DLL
0x00007ffda7e80000 - 0x00007ffda827f000 	C:\WINDOWS\System32\KERNELBASE.dll
0x00007ffda7d20000 - 0x00007ffda7e6c000 	C:\WINDOWS\System32\ucrtbase.dll
0x00007ffd9fa00000 - 0x00007ffd9fa1e000 	c:\Users\Ramya\.vscode\extensions\redhat.java-1.55.0-win32-x64\jre\21.0.11-win32-x86_64\bin\VCRUNTIME140.dll
0x00007ffd9fa20000 - 0x00007ffd9fa38000 	c:\Users\Ramya\.vscode\extensions\redhat.java-1.55.0-win32-x64\jre\21.0.11-win32-x86_64\bin\jli.dll
0x00007ffda9ea0000 - 0x00007ffdaa066000 	C:\WINDOWS\System32\USER32.dll
0x00007ffd8ffe0000 - 0x00007ffd90271000 	C:\WINDOWS\WinSxS\amd64_microsoft.windows.common-controls_6595b64144ccf1df_6.0.26100.8972_none_3e0da176e32f9d4b\COMCTL32.dll
0x00007ffda7830000 - 0x00007ffda7857000 	C:\WINDOWS\System32\win32u.dll
0x00007ffda95d0000 - 0x00007ffda95fb000 	C:\WINDOWS\System32\GDI32.dll
0x00007ffda9520000 - 0x00007ffda95c9000 	C:\WINDOWS\System32\msvcrt.dll
0x00007ffda79b0000 - 0x00007ffda7ad9000 	C:\WINDOWS\System32\gdi32full.dll
0x00007ffda7c70000 - 0x00007ffda7d13000 	C:\WINDOWS\System32\msvcp_win.dll
0x00007ffda8990000 - 0x00007ffda89c2000 	C:\WINDOWS\System32\IMM32.DLL
0x00007ffda45a0000 - 0x00007ffda45ac000 	c:\Users\Ramya\.vscode\extensions\redhat.java-1.55.0-win32-x64\jre\21.0.11-win32-x86_64\bin\vcruntime140_1.dll
0x00007ffd8bef0000 - 0x00007ffd8bf7d000 	c:\Users\Ramya\.vscode\extensions\redhat.java-1.55.0-win32-x64\jre\21.0.11-win32-x86_64\bin\msvcp140.dll
0x00007ffd154a0000 - 0x00007ffd16242000 	c:\Users\Ramya\.vscode\extensions\redhat.java-1.55.0-win32-x64\jre\21.0.11-win32-x86_64\bin\server\jvm.dll
0x00007ffdaa3a0000 - 0x00007ffdaa45c000 	C:\WINDOWS\System32\ADVAPI32.dll
0x00007ffda97e0000 - 0x00007ffda9889000 	C:\WINDOWS\System32\sechost.dll
0x00007ffda8290000 - 0x00007ffda83a8000 	C:\WINDOWS\System32\RPCRT4.dll
0x00007ffda8a60000 - 0x00007ffda8ae2000 	C:\WINDOWS\System32\WS2_32.dll
0x00007ffda75d0000 - 0x00007ffda762e000 	C:\WINDOWS\SYSTEM32\POWRPROF.dll
0x00007ffd9f3d0000 - 0x00007ffd9f406000 	C:\WINDOWS\SYSTEM32\WINMM.dll
0x00007ffd9f410000 - 0x00007ffd9f41b000 	C:\WINDOWS\SYSTEM32\VERSION.dll
0x00007ffda75b0000 - 0x00007ffda75c5000 	C:\WINDOWS\SYSTEM32\UMPDC.dll
0x00007ffda6460000 - 0x00007ffda647b000 	C:\WINDOWS\SYSTEM32\kernel.appcore.dll
0x00007ffda4560000 - 0x00007ffda456a000 	c:\Users\Ramya\.vscode\extensions\redhat.java-1.55.0-win32-x64\jre\21.0.11-win32-x86_64\bin\jimage.dll
0x00007ffd9bb20000 - 0x00007ffd9bd62000 	C:\WINDOWS\SYSTEM32\DBGHELP.DLL
0x00007ffda9af0000 - 0x00007ffda9e75000 	C:\WINDOWS\System32\combase.dll
0x00007ffda83b0000 - 0x00007ffda8489000 	C:\WINDOWS\System32\OLEAUT32.dll
0x00007ffd8c5e0000 - 0x00007ffd8c61b000 	C:\WINDOWS\SYSTEM32\dbgcore.DLL
0x00007ffda7770000 - 0x00007ffda781c000 	C:\WINDOWS\System32\bcryptPrimitives.dll
0x00007ffda0a20000 - 0x00007ffda0a2f000 	c:\Users\Ramya\.vscode\extensions\redhat.java-1.55.0-win32-x64\jre\21.0.11-win32-x86_64\bin\instrument.dll
0x00007ffd9f890000 - 0x00007ffd9f8b0000 	c:\Users\Ramya\.vscode\extensions\redhat.java-1.55.0-win32-x64\jre\21.0.11-win32-x86_64\bin\java.dll
0x00007ffda8d20000 - 0x00007ffda94a8000 	C:\WINDOWS\System32\SHELL32.dll
0x00007ffda5240000 - 0x00007ffda5adb000 	C:\WINDOWS\SYSTEM32\windows.storage.dll
0x00007ffdaa070000 - 0x00007ffdaa169000 	C:\WINDOWS\System32\SHCORE.dll
0x00007ffda94b0000 - 0x00007ffda9516000 	C:\WINDOWS\System32\shlwapi.dll
0x00007ffda7690000 - 0x00007ffda76b9000 	C:\WINDOWS\SYSTEM32\profapi.dll
0x00007ffd9c8b0000 - 0x00007ffd9c8c8000 	c:\Users\Ramya\.vscode\extensions\redhat.java-1.55.0-win32-x64\jre\21.0.11-win32-x86_64\bin\zip.dll
0x00007ffd9fbb0000 - 0x00007ffd9fbc0000 	C:\Users\Ramya\.vscode\extensions\redhat.java-1.55.0-win32-x64\jre\21.0.11-win32-x86_64\bin\net.dll
0x00007ffda0710000 - 0x00007ffda0837000 	C:\WINDOWS\SYSTEM32\WINHTTP.dll
0x00007ffda6a10000 - 0x00007ffda6a7c000 	C:\WINDOWS\system32\mswsock.dll
0x00007ffd9c490000 - 0x00007ffd9c4a6000 	C:\Users\Ramya\.vscode\extensions\redhat.java-1.55.0-win32-x64\jre\21.0.11-win32-x86_64\bin\nio.dll
0x00007ffd9faf0000 - 0x00007ffd9fb00000 	c:\Users\Ramya\.vscode\extensions\redhat.java-1.55.0-win32-x64\jre\21.0.11-win32-x86_64\bin\verify.dll
0x00007ffd77810000 - 0x00007ffd77855000 	C:\Users\Ramya\AppData\Roaming\Code\User\globalStorage\redhat.java\1.55.0\config_win\org.eclipse.equinox.launcher\org.eclipse.equinox.launcher.win32.win32.x86_64_1.3.100.v20260613-0559\eclipse_11924.dll
0x00007ffdaa1c0000 - 0x00007ffdaa359000 	C:\WINDOWS\System32\ole32.dll
0x00007ffda6d00000 - 0x00007ffda6d1b000 	C:\WINDOWS\SYSTEM32\CRYPTSP.dll
0x00007ffda63c0000 - 0x00007ffda63f9000 	C:\WINDOWS\system32\rsaenh.dll
0x00007ffda6ac0000 - 0x00007ffda6af2000 	C:\WINDOWS\SYSTEM32\USERENV.dll
0x00007ffda7660000 - 0x00007ffda768a000 	C:\WINDOWS\SYSTEM32\bcrypt.dll
0x00007ffda6d20000 - 0x00007ffda6d2c000 	C:\WINDOWS\SYSTEM32\CRYPTBASE.dll
0x00007ffda5ee0000 - 0x00007ffda5f13000 	C:\WINDOWS\SYSTEM32\IPHLPAPI.DLL
0x00007ffdaa390000 - 0x00007ffdaa39a000 	C:\WINDOWS\System32\NSI.dll
0x00007ffd3ee70000 - 0x00007ffd3eeb9000 	C:\Users\Ramya\AppData\Local\Temp\jna-78727046\jna4967872596902576898.dll
0x00007ffdaa470000 - 0x00007ffdaa478000 	C:\WINDOWS\System32\PSAPI.DLL
0x00007ffda10a0000 - 0x00007ffda10bd000 	C:\WINDOWS\SYSTEM32\dhcpcsvc6.DLL
0x00007ffda1050000 - 0x00007ffda1075000 	C:\WINDOWS\SYSTEM32\dhcpcsvc.DLL
0x00007ffd9c2e0000 - 0x00007ffd9c2ee000 	C:\Users\Ramya\.vscode\extensions\redhat.java-1.55.0-win32-x64\jre\21.0.11-win32-x86_64\bin\sunmscapi.dll
0x00007ffda7ae0000 - 0x00007ffda7c5e000 	C:\WINDOWS\System32\CRYPT32.dll
0x00007ffda6f40000 - 0x00007ffda6f70000 	C:\WINDOWS\SYSTEM32\ncrypt.dll
0x00007ffda6ef0000 - 0x00007ffda6f2f000 	C:\WINDOWS\SYSTEM32\NTASN1.dll

JVMTI agents:
c:\Users\Ramya\.vscode\extensions\redhat.java-1.55.0-win32-x64\lombok\lombok-1.18.39-4050.jar path:c:\Users\Ramya\.vscode\extensions\redhat.java-1.55.0-win32-x64\jre\21.0.11-win32-x86_64\bin\instrument.dll, loaded, initialized, instrumentlib options:none

dbghelp: loaded successfully - version: 4.0.5 - missing functions: none
symbol engine: initialized successfully - sym options: 0x614 - pdb path: .;c:\Users\Ramya\.vscode\extensions\redhat.java-1.55.0-win32-x64\jre\21.0.11-win32-x86_64\bin;C:\WINDOWS\SYSTEM32;C:\WINDOWS\WinSxS\amd64_microsoft.windows.common-controls_6595b64144ccf1df_6.0.26100.8972_none_3e0da176e32f9d4b;c:\Users\Ramya\.vscode\extensions\redhat.java-1.55.0-win32-x64\jre\21.0.11-win32-x86_64\bin\server;C:\Users\Ramya\AppData\Roaming\Code\User\globalStorage\redhat.java\1.55.0\config_win\org.eclipse.equinox.launcher\org.eclipse.equinox.launcher.win32.win32.x86_64_1.3.100.v20260613-0559;C:\Users\Ramya\AppData\Local\Temp\jna-78727046

VM Arguments:
jvm_args: --add-modules=ALL-SYSTEM --add-opens=java.base/java.util=ALL-UNNAMED --add-opens=java.base/java.lang=ALL-UNNAMED --add-opens=java.base/sun.nio.fs=ALL-UNNAMED -Declipse.application=org.eclipse.jdt.ls.core.id1 -Dosgi.bundles.defaultStartLevel=4 -Declipse.product=org.eclipse.jdt.ls.core.product -Djava.import.generatesMetadataFilesAtProjectRoot=false -DDetectVMInstallationsJob.disabled=true -Dfile.encoding=utf8 -XX:+UseParallelGC -XX:GCTimeRatio=4 -XX:AdaptiveSizePolicyWeight=90 -Dsun.zip.disableMemoryMapping=true -Xmx2G -Xms100m -Xlog:disable -javaagent:c:\Users\Ramya\.vscode\extensions\redhat.java-1.55.0-win32-x64\lombok\lombok-1.18.39-4050.jar -XX:+HeapDumpOnOutOfMemoryError -XX:HeapDumpPath=c:\Users\Ramya\AppData\Roaming\Code\User\workspaceStorage\3ecc7036380608375654bd27e609cbe5\redhat.java -Daether.dependencyCollector.impl=bf 
java_command: c:\Users\Ramya\.vscode\extensions\redhat.java-1.55.0-win32-x64\server\plugins\org.eclipse.equinox.launcher_1.7.200.v20260619-2039.jar -configuration c:\Users\Ramya\AppData\Roaming\Code\User\globalStorage\redhat.java\1.55.0\config_win -data c:\Users\Ramya\AppData\Roaming\Code\User\workspaceStorage\3ecc7036380608375654bd27e609cbe5\redhat.java\jdt_ws --pipe=\\.\pipe\lsp-1e09db5232eb1bdad37810040e1aff60-sock
java_class_path (initial): c:\Users\Ramya\.vscode\extensions\redhat.java-1.55.0-win32-x64\server\plugins\org.eclipse.equinox.launcher_1.7.200.v20260619-2039.jar
Launcher Type: SUN_STANDARD

[Global flags]
    uintx AdaptiveSizePolicyWeight                 = 90                                        {product} {command line}
     intx CICompilerCount                          = 4                                         {product} {ergonomic}
    uintx GCTimeRatio                              = 4                                         {product} {command line}
     bool HeapDumpOnOutOfMemoryError               = true                                   {manageable} {command line}
    ccstr HeapDumpPath                             = c:\Users\Ramya\AppData\Roaming\Code\User\workspaceStorage\3ecc7036380608375654bd27e609cbe5\redhat.java         {manageable} {command line}
   size_t InitialHeapSize                          = 104857600                                 {product} {command line}
   size_t MaxHeapSize                              = 2147483648                                {product} {command line}
   size_t MaxNewSize                               = 715653120                                 {product} {ergonomic}
   size_t MinHeapDeltaBytes                        = 524288                                    {product} {ergonomic}
   size_t MinHeapSize                              = 104857600                                 {product} {command line}
   size_t NewSize                                  = 34603008                                  {product} {ergonomic}
    uintx NonNMethodCodeHeapSize                   = 5839372                                {pd product} {ergonomic}
    uintx NonProfiledCodeHeapSize                  = 122909434                              {pd product} {ergonomic}
   size_t OldSize                                  = 70254592                                  {product} {ergonomic}
     bool PerfDisableSharedMem                     = true                                      {product} {ergonomic}
    uintx ProfiledCodeHeapSize                     = 122909434                              {pd product} {ergonomic}
    uintx ReservedCodeCacheSize                    = 251658240                              {pd product} {ergonomic}
     bool SegmentedCodeCache                       = true                                      {product} {ergonomic}
   size_t SoftMaxHeapSize                          = 2147483648                             {manageable} {ergonomic}
     bool UseCompressedOops                        = true                           {product lp64_product} {ergonomic}
     bool UseLargePagesIndividualAllocation        = false                                  {pd product} {ergonomic}
     bool UseParallelGC                            = true                                      {product} {command line}

Logging:
Log output configuration:
 #0: stdout all=off uptime,level,tags foldmultilines=false
 #1: stderr all=off uptime,level,tags foldmultilines=false

Release file:
JAVA_VERSION="21.0.11" 
MODULES="java.base java.compiler java.datatransfer java.xml java.prefs java.desktop java.instrument java.logging java.management java.security.sasl java.naming java.rmi java.management.rmi java.net.http java.scripting java.security.jgss java.transaction.xa java.sql java.sql.rowset java.xml.crypto java.se java.smartcardio jdk.accessibility jdk.internal.jvmstat jdk.attach jdk.charsets jdk.internal.opt jdk.zipfs jdk.compiler jdk.crypto.ec jdk.crypto.cryptoki jdk.crypto.mscapi jdk.dynalink jdk.internal.ed jdk.editpad jdk.hotspot.agent jdk.httpserver jdk.internal.le jdk.internal.vm.ci jdk.internal.vm.compiler jdk.internal.vm.compiler.management jdk.jartool jdk.javadoc jdk.jcmd jdk.management jdk.management.agent jdk.jconsole jdk.jdeps jdk.jdwp.agent jdk.jdi jdk.jfr jdk.jshell jdk.jsobject jdk.jstatd jdk.localedata jdk.management.jfr jdk.naming.dns jdk.naming.rmi jdk.net jdk.nio.mapmode jdk.random jdk.sctp jdk.security.auth jdk.security.jgss jdk.unsupported jdk.unsupported.desktop jdk.xml.dom" 

Environment Variables:
PATH=C:\Program Files\Eclipse Adoptium\jdk-21.0.11.10-hotspot\bin;C:\Program Files\Common Files\Oracle\Java\javapath;C:\Program Files\Python310\Scripts\;C:\Program Files\Python310\;C:\Program Files (x86)\Common Files\Oracle\Java\java8path;C:\Program Files (x86)\Common Files\Oracle\Java\javapath;C:\oraclexe\app\oracle\product\10.2.0\server\bin;C:\WINDOWS\system32;C:\WINDOWS;C:\WINDOWS\System32\Wbem;C:\WINDOWS\System32\WindowsPowerShell\v1.0\;C:\WINDOWS\System32\OpenSSH\;C:\Program Files\Java\jdk-1.8\bin;C:\Users\Ramya\AppData\Roaming\Microsoft\Windows\Start Menu\Programs\Python 3.13;C:\Program Files\Git\cmd;C:\Program Files\Microsoft SQL Server\Client SDK\ODBC\170\Tools\Binn\;C:\Program Files (x86)\Microsoft SQL Server\150\Tools\Binn\;C:\Program Files\Microsoft SQL Server\150\Tools\Binn\;C:\Program Files\Microsoft SQL Server\150\DTS\Binn\;C:\Program Files\Microsoft SQL Server\170\DTS\Binn\;C:\Program Files\dotnet\;C:\maven\apache-maven-3.9.16\bin;C:\maven\apache-maven-3.9.16\bin;C:\Users\Ramya\AppData\Local\Programs\Python\Launcher\;C:\Users\Ramya\AppData\Local\Microsoft\WindowsApps;C:\Users\Ramya\AppData\Local\Programs\Microsoft VS Code\bin;C:\Users\Ramya\AppData\Roaming\Python\Python310\Scripts;C:\Users\Ramya\AppData\Local\Programs\Antigravity\bin;C:\Users\Ramya\.dotnet\tools
USERNAME=Ramya
OS=Windows_NT
PROCESSOR_IDENTIFIER=AMD64 Family 23 Model 104 Stepping 1, AuthenticAMD
TMP=C:\Users\Ramya\AppData\Local\Temp
TEMP=C:\Users\Ramya\AppData\Local\Temp




Periodic native trim disabled

---------------  S Y S T E M  ---------------

OS:
 Windows 11 , 64 bit Build 26100 (10.0.26100.8972)
OS uptime: 0 days 6:28 hours

CPU: total 12 (initial active 12) (12 cores per cpu, 2 threads per core) family 23 model 104 stepping 1 microcode 0x8608109, cx8, cmov, fxsr, ht, mmx, 3dnowpref, sse, sse2, sse3, ssse3, sse4a, sse4.1, sse4.2, popcnt, lzcnt, tsc, tscinvbit, avx, avx2, aes, clmul, bmi1, bmi2, adx, sha, fma, vzeroupper, clflush, clflushopt, rdtscp, rdpid, f16c
Processor Information for the first 12 processors :
  Max Mhz: 2100, Current Mhz: 2100, Mhz Limit: 2100

Memory: 4k page, system-wide physical 3405M (52M free)
TotalPageFile size 13645M (AvailPageFile size 4M)
current process WorkingSet (physical memory assigned to process): 114M, peak: 247M
current process commit charge ("private bytes"): 473M, peak: 495M

vm_info: OpenJDK 64-Bit Server VM (21.0.11+10-LTS) for windows-amd64 JRE (21.0.11+10-LTS), built on 2026-04-21T00:00:00Z by "admin" with MS VC++ 17.12 (VS2022)

END.
