#
# There is insufficient memory for the Java Runtime Environment to continue.
# Native memory allocation (malloc) failed to allocate 152496 bytes. Error detail: Chunk::new
# Possible reasons:
#   The system is out of physical RAM or swap space
#   This process is running with CompressedOops enabled, and the Java Heap may be blocking the growth of the native heap
# Possible solutions:
#   Reduce memory load on the system
#   Increase physical memory or swap space
#   Check if swap backing store is full
#   Decrease Java heap size (-Xmx/-Xms)
#   Decrease number of Java threads
#   Decrease Java thread stack sizes (-Xss)
#   Set larger code cache with -XX:ReservedCodeCacheSize=
#   JVM is running with Unscaled Compressed Oops mode in which the Java heap is
#     placed in the first 4GB address space. The Java Heap base address is the
#     maximum limit for the native heap growth. Please use -XX:HeapBaseMinAddress
#     to set the Java Heap base and to place the Java Heap above 4GB virtual address.
# This output file may be truncated or incomplete.
#
#  Out of Memory Error (arena.cpp:168), pid=5324, tid=15024
#
# JRE version: OpenJDK Runtime Environment Temurin-21.0.11+10 (21.0.11+10) (build 21.0.11+10-LTS)
# Java VM: OpenJDK 64-Bit Server VM Temurin-21.0.11+10 (21.0.11+10-LTS, mixed mode, sharing, tiered, compressed oops, compressed class ptrs, parallel gc, windows-amd64)
# No core dump will be written. Minidumps are not enabled by default on client versions of Windows
#

---------------  S U M M A R Y ------------

Command Line: --add-modules=ALL-SYSTEM --add-opens=java.base/java.util=ALL-UNNAMED --add-opens=java.base/java.lang=ALL-UNNAMED --add-opens=java.base/sun.nio.fs=ALL-UNNAMED -Declipse.application=org.eclipse.jdt.ls.core.id1 -Dosgi.bundles.defaultStartLevel=4 -Declipse.product=org.eclipse.jdt.ls.core.product -Djava.import.generatesMetadataFilesAtProjectRoot=false -DDetectVMInstallationsJob.disabled=true -Dfile.encoding=utf8 -XX:+UseParallelGC -XX:GCTimeRatio=4 -XX:AdaptiveSizePolicyWeight=90 -Dsun.zip.disableMemoryMapping=true -Xmx2G -Xms100m -Xlog:disable -javaagent:c:\Users\Ramya\.vscode\extensions\redhat.java-1.55.0-win32-x64\lombok\lombok-1.18.39-4050.jar c:\Users\Ramya\.vscode\extensions\redhat.java-1.55.0-win32-x64\server\plugins\org.eclipse.equinox.launcher_1.7.200.v20260619-2039.jar -configuration c:\Users\Ramya\AppData\Roaming\Code\User\globalStorage\redhat.java\1.55.0\config_ss_win -data c:\Users\Ramya\AppData\Roaming\Code\User\workspaceStorage\3ecc7036380608375654bd27e609cbe5\redhat.java\ss_ws --pipe=\\.\pipe\lsp-b4590e429c2051fffc9c8e1be7238e96-sock

Host: AMD Ryzen 5 5500U with Radeon Graphics         , 12 cores, 3G,  Windows 11 , 64 bit Build 26100 (10.0.26100.8972)
Time: Sun Aug  2 21:49:33 2026 India Standard Time elapsed time: 4.235208 seconds (0d 0h 0m 4s)

---------------  T H R E A D  ---------------

Current thread (0x000002ec9edf89d0):  JavaThread "C2 CompilerThread0" daemon [_thread_in_native, id=15024, stack(0x000000f8f3300000,0x000000f8f3400000) (1024K)]


Current CompileTask:
C2:4235 1338       4       lombok.launch.PackageShader::apply (252 bytes)

Stack: [0x000000f8f3300000,0x000000f8f3400000]
Native frames: (J=compiled Java code, j=interpreted, Vv=VM code, C=native code)
V  [jvm.dll+0x6d7e19]
V  [jvm.dll+0x8b5096]
V  [jvm.dll+0x8b764e]
V  [jvm.dll+0x8b7d33]
V  [jvm.dll+0x284596]
V  [jvm.dll+0xc685d]
V  [jvm.dll+0xc6da1]
V  [jvm.dll+0x3bed31]
V  [jvm.dll+0x1e3b4e]
V  [jvm.dll+0x24c853]
V  [jvm.dll+0x24bce0]
V  [jvm.dll+0x1cb4ae]
V  [jvm.dll+0x25baad]
V  [jvm.dll+0x25a03a]
V  [jvm.dll+0x3f868e]
V  [jvm.dll+0x85fb0d]
V  [jvm.dll+0x6d664d]
C  [ucrtbase.dll+0x2cd30]
C  [KERNEL32.DLL+0x2ccb7]
C  [ntdll.dll+0xaad6c]


---------------  P R O C E S S  ---------------

Threads class SMR info:
_java_thread_list=0x000002ecf7e12e00, length=11, elements={
0x000002ec9ed3cb60, 0x000002ec9ede4400, 0x000002ecb57edec0, 0x000002ec9ede6a30,
0x000002ec9ede94a0, 0x000002ec9ede9f00, 0x000002ec9edeaa00, 0x000002ec9edf89d0,
0x000002ec9edf9470, 0x000002ecf7db8820, 0x000002ecf7efbef0
}

Java Threads: ( => current thread )
  0x000002ec9ed3cb60 JavaThread "main"                              [_thread_in_Java, id=17556, stack(0x000000f8f2900000,0x000000f8f2a00000) (1024K)]
  0x000002ec9ede4400 JavaThread "Reference Handler"          daemon [_thread_blocked, id=6508, stack(0x000000f8f2d00000,0x000000f8f2e00000) (1024K)]
  0x000002ecb57edec0 JavaThread "Finalizer"                  daemon [_thread_blocked, id=1380, stack(0x000000f8f2e00000,0x000000f8f2f00000) (1024K)]
  0x000002ec9ede6a30 JavaThread "Signal Dispatcher"          daemon [_thread_blocked, id=11984, stack(0x000000f8f2f00000,0x000000f8f3000000) (1024K)]
  0x000002ec9ede94a0 JavaThread "Attach Listener"            daemon [_thread_blocked, id=15740, stack(0x000000f8f3000000,0x000000f8f3100000) (1024K)]
  0x000002ec9ede9f00 JavaThread "Service Thread"             daemon [_thread_blocked, id=3964, stack(0x000000f8f3100000,0x000000f8f3200000) (1024K)]
  0x000002ec9edeaa00 JavaThread "Monitor Deflation Thread"   daemon [_thread_blocked, id=2232, stack(0x000000f8f3200000,0x000000f8f3300000) (1024K)]
=>0x000002ec9edf89d0 JavaThread "C2 CompilerThread0"         daemon [_thread_in_native, id=15024, stack(0x000000f8f3300000,0x000000f8f3400000) (1024K)]
  0x000002ec9edf9470 JavaThread "C1 CompilerThread0"         daemon [_thread_blocked, id=3504, stack(0x000000f8f3400000,0x000000f8f3500000) (1024K)]
  0x000002ecf7db8820 JavaThread "Common-Cleaner"             daemon [_thread_blocked, id=8740, stack(0x000000f8f3500000,0x000000f8f3600000) (1024K)]
  0x000002ecf7efbef0 JavaThread "Notification Thread"        daemon [_thread_blocked, id=5104, stack(0x000000f8f3600000,0x000000f8f3700000) (1024K)]
Total: 11

Other Threads:
  0x000002ecf7bd14a0 VMThread "VM Thread"                           [id=6692, stack(0x000000f8f2c00000,0x000000f8f2d00000) (1024K)]
  0x000002ecb56cca00 WatcherThread "VM Periodic Task Thread"        [id=11536, stack(0x000000f8f2b00000,0x000000f8f2c00000) (1024K)]
  0x000002ec9ed5ae40 WorkerThread "GC Thread#0"                     [id=5508, stack(0x000000f8f2a00000,0x000000f8f2b00000) (1024K)]
  0x000002ecfd2b03c0 WorkerThread "GC Thread#1"                     [id=15596, stack(0x000000f8f3700000,0x000000f8f3800000) (1024K)]
  0x000002ecfd239a40 WorkerThread "GC Thread#2"                     [id=16748, stack(0x000000f8f3800000,0x000000f8f3900000) (1024K)]
  0x000002ecfd239df0 WorkerThread "GC Thread#3"                     [id=15660, stack(0x000000f8f3900000,0x000000f8f3a00000) (1024K)]
  0x000002ecfd297280 WorkerThread "GC Thread#4"                     [id=17040, stack(0x000000f8f3a00000,0x000000f8f3b00000) (1024K)]
  0x000002ecfd297630 WorkerThread "GC Thread#5"                     [id=9964, stack(0x000000f8f3b00000,0x000000f8f3c00000) (1024K)]
  0x000002ecfd56b180 WorkerThread "GC Thread#6"                     [id=2500, stack(0x000000f8f3c00000,0x000000f8f3d00000) (1024K)]
Total: 9

Threads with active compile tasks:
C2 CompilerThread0  4399 1338       4       lombok.launch.PackageShader::apply (252 bytes)
Total: 1

VM state: not at safepoint (normal execution)

VM Mutex/Monitor currently owned by a thread: None

Heap address: 0x0000000080000000, size: 2048 MB, Compressed Oops mode: 32-bit

CDS archive(s) mapped at: [0x000002ecb6000000-0x000002ecb6ba0000-0x000002ecb6ba0000), size 12189696, SharedBaseAddress: 0x000002ecb6000000, ArchiveRelocationMode: 1.
Compressed class space mapped at: 0x000002ecb7000000-0x000002ecf7000000, reserved size: 1073741824
Narrow klass base: 0x000002ecb6000000, Narrow klass shift: 0, Narrow klass range: 0x100000000

GC Precious Log:
 CardTable entry size: 512
 CPUs: 12 total, 12 available
 Memory: 3405M
 Large Page Support: Disabled
 NUMA Support: Disabled
 Compressed Oops: Enabled (32-bit)
 Alignments: Space 512K, Generation 512K, Heap 2M
 Heap Min Capacity: 100M
 Heap Initial Capacity: 100M
 Heap Max Capacity: 2G
 Pre-touch: Disabled
 Parallel Workers: 10

Heap:
 PSYoungGen      total 29696K, used 18505K [0x00000000d5580000, 0x00000000d7680000, 0x0000000100000000)
  eden space 25600K, 59% used [0x00000000d5580000,0x00000000d645e2e0,0x00000000d6e80000)
  from space 4096K, 80% used [0x00000000d6e80000,0x00000000d71b4148,0x00000000d7280000)
  to   space 4096K, 0% used [0x00000000d7280000,0x00000000d7280000,0x00000000d7680000)
 ParOldGen       total 68608K, used 16K [0x0000000080000000, 0x0000000084300000, 0x00000000d5580000)
  object space 68608K, 0% used [0x0000000080000000,0x0000000080004000,0x0000000084300000)
 Metaspace       used 6810K, committed 7104K, reserved 1114112K
  class space    used 688K, committed 832K, reserved 1048576K

Card table byte_map: [0x000002ec9e6e0000,0x000002ec9eaf0000] _byte_map_base: 0x000002ec9e2e0000

Marking Bits: (ParMarkBitMap*) 0x00007ffcdf4a4460
 Begin Bits: [0x000002ecb11f0000, 0x000002ecb31f0000)
 End Bits:   [0x000002ecb31f0000, 0x000002ecb51f0000)

Polling page: 0x000002ec9cf20000

Metaspace:

Usage:
  Non-class:      5.98 MB used.
      Class:    688.17 KB used.
       Both:      6.65 MB used.

Virtual space:
  Non-class space:       64.00 MB reserved,       6.12 MB ( 10%) committed,  1 nodes.
      Class space:        1.00 GB reserved,     832.00 KB ( <1%) committed,  1 nodes.
             Both:        1.06 GB reserved,       6.94 MB ( <1%) committed. 

Chunk freelists:
   Non-Class:  9.53 MB
       Class:  15.02 MB
        Both:  24.55 MB

MaxMetaspaceSize: unlimited
CompressedClassSpaceSize: 1.00 GB
Initial GC threshold: 21.00 MB
Current GC threshold: 21.00 MB
CDS: on
 - commit_granule_bytes: 65536.
 - commit_granule_words: 8192.
 - virtual_space_node_default_size: 8388608.
 - enlarge_chunks_in_place: 1.
 - use_allocation_guard: 0.


Internal statistics:

num_allocs_failed_limit: 0.
num_arena_births: 206.
num_arena_deaths: 0.
num_vsnodes_births: 2.
num_vsnodes_deaths: 0.
num_space_committed: 111.
num_space_uncommitted: 0.
num_chunks_returned_to_freelist: 0.
num_chunks_taken_from_freelist: 355.
num_chunk_merges: 0.
num_chunk_splits: 231.
num_chunks_enlarged: 148.
num_inconsistent_stats: 0.

CodeHeap 'non-profiled nmethods': size=120000Kb used=537Kb max_used=537Kb free=119462Kb
 bounds [0x000002eca9a10000, 0x000002eca9c80000, 0x000002ecb0f40000]
CodeHeap 'profiled nmethods': size=120000Kb used=2684Kb max_used=2684Kb free=117315Kb
 bounds [0x000002eca1f40000, 0x000002eca21e0000, 0x000002eca9470000]
CodeHeap 'non-nmethods': size=5760Kb used=1209Kb max_used=1231Kb free=4551Kb
 bounds [0x000002eca9470000, 0x000002eca96e0000, 0x000002eca9a10000]
CodeCache: size=245760Kb, used=4430Kb, max_used=4452Kb, free=241328Kb
 total_blobs=1985, nmethods=1513, adapters=379, full_count=0
Compilation: enabled, stopped_count=0, restarted_count=0

Compilation events (20 events):
Event: 3.104 Thread 0x000002ec9edf9470 1368       3       java.security.Provider$ServiceKey::equals (53 bytes)
Event: 3.105 Thread 0x000002ec9edf9470 nmethod 1368 0x000002eca2187810 code [0x000002eca2187a00, 0x000002eca2187e90]
Event: 3.105 Thread 0x000002ec9edf9470 1369       3       java.util.ArrayList::addAll (76 bytes)
Event: 3.105 Thread 0x000002ec9edf9470 nmethod 1369 0x000002eca2188010 code [0x000002eca2188200, 0x000002eca2188690]
Event: 3.110 Thread 0x000002ec9edf9470 1370  s    3       java.lang.Throwable::fillInStackTrace (29 bytes)
Event: 3.111 Thread 0x000002ec9edf9470 nmethod 1370 0x000002eca2188810 code [0x000002eca21889c0, 0x000002eca2188c58]
Event: 3.118 Thread 0x000002ec9edf9470 1371   !   3       java.security.Provider$Service::newInstance (354 bytes)
Event: 3.124 Thread 0x000002ec9edf9470 nmethod 1371 0x000002eca2188d10 code [0x000002eca21893a0, 0x000002eca218bec8]
Event: 3.124 Thread 0x000002ec9edf9470 1372   !   3       java.security.Provider$Service::newInstanceUtil (60 bytes)
Event: 3.126 Thread 0x000002ec9edf9470 nmethod 1372 0x000002eca218d710 code [0x000002eca218d9e0, 0x000002eca218e6b0]
Event: 3.126 Thread 0x000002ec9edf9470 1373       3       java.security.Provider$Service::newInstanceOf (13 bytes)
Event: 3.127 Thread 0x000002ec9edf9470 nmethod 1373 0x000002eca218ec10 code [0x000002eca218ee00, 0x000002eca218f0c8]
Event: 3.127 Thread 0x000002ec9edf9470 1374   !   3       java.util.zip.ZipFile::getInputStream (275 bytes)
Event: 3.128 Thread 0x000002ec9edf9470 nmethod 1374 0x000002eca218f210 code [0x000002eca218f520, 0x000002eca21906d0]
Event: 3.128 Thread 0x000002ec9edf9470 1375       3       java.lang.ClassLoader::compareCerts (197 bytes)
Event: 3.129 Thread 0x000002ec9edf9470 nmethod 1375 0x000002eca2191210 code [0x000002eca2191440, 0x000002eca2191c78]
Event: 3.129 Thread 0x000002ec9edf9470 1376       3       org.eclipse.osgi.container.ModuleRevision$1::apply (9 bytes)
Event: 3.129 Thread 0x000002ec9edf9470 nmethod 1376 0x000002eca2191f90 code [0x000002eca2192140, 0x000002eca2192388]
Event: 3.129 Thread 0x000002ec9edf9470 1377  s    3       java.util.jar.JarFile::getInputStream (88 bytes)
Event: 3.130 Thread 0x000002ec9edf9470 nmethod 1377 0x000002eca2192490 code [0x000002eca2192700, 0x000002eca2192f00]

GC Heap History (2 events):
Event: 2.280 GC heap before
{Heap before GC invocations=1 (full 0):
 PSYoungGen      total 29696K, used 25600K [0x00000000d5580000, 0x00000000d7680000, 0x0000000100000000)
  eden space 25600K, 100% used [0x00000000d5580000,0x00000000d6e80000,0x00000000d6e80000)
  from space 4096K, 0% used [0x00000000d7280000,0x00000000d7280000,0x00000000d7680000)
  to   space 4096K, 0% used [0x00000000d6e80000,0x00000000d6e80000,0x00000000d7280000)
 ParOldGen       total 68608K, used 0K [0x0000000080000000, 0x0000000084300000, 0x00000000d5580000)
  object space 68608K, 0% used [0x0000000080000000,0x0000000080000000,0x0000000084300000)
 Metaspace       used 4387K, committed 4608K, reserved 1114112K
  class space    used 476K, committed 576K, reserved 1048576K
}
Event: 2.302 GC heap after
{Heap after GC invocations=1 (full 0):
 PSYoungGen      total 29696K, used 3280K [0x00000000d5580000, 0x00000000d7680000, 0x0000000100000000)
  eden space 25600K, 0% used [0x00000000d5580000,0x00000000d5580000,0x00000000d6e80000)
  from space 4096K, 80% used [0x00000000d6e80000,0x00000000d71b4148,0x00000000d7280000)
  to   space 4096K, 0% used [0x00000000d7280000,0x00000000d7280000,0x00000000d7680000)
 ParOldGen       total 68608K, used 16K [0x0000000080000000, 0x0000000084300000, 0x00000000d5580000)
  object space 68608K, 0% used [0x0000000080000000,0x0000000080004000,0x0000000084300000)
 Metaspace       used 4387K, committed 4608K, reserved 1114112K
  class space    used 476K, committed 576K, reserved 1048576K
}

Dll operation events (8 events):
Event: 0.079 Loaded shared library c:\Users\Ramya\.vscode\extensions\redhat.java-1.55.0-win32-x64\jre\21.0.11-win32-x86_64\bin\java.dll
Event: 0.398 Loaded shared library c:\Users\Ramya\.vscode\extensions\redhat.java-1.55.0-win32-x64\jre\21.0.11-win32-x86_64\bin\zip.dll
Event: 0.528 Loaded shared library C:\Users\Ramya\.vscode\extensions\redhat.java-1.55.0-win32-x64\jre\21.0.11-win32-x86_64\bin\instrument.dll
Event: 0.581 Loaded shared library C:\Users\Ramya\.vscode\extensions\redhat.java-1.55.0-win32-x64\jre\21.0.11-win32-x86_64\bin\net.dll
Event: 0.594 Loaded shared library C:\Users\Ramya\.vscode\extensions\redhat.java-1.55.0-win32-x64\jre\21.0.11-win32-x86_64\bin\nio.dll
Event: 0.611 Loaded shared library C:\Users\Ramya\.vscode\extensions\redhat.java-1.55.0-win32-x64\jre\21.0.11-win32-x86_64\bin\zip.dll
Event: 0.684 Loaded shared library C:\Users\Ramya\.vscode\extensions\redhat.java-1.55.0-win32-x64\jre\21.0.11-win32-x86_64\bin\jimage.dll
Event: 0.870 Loaded shared library c:\Users\Ramya\.vscode\extensions\redhat.java-1.55.0-win32-x64\jre\21.0.11-win32-x86_64\bin\verify.dll

Deoptimization events (20 events):
Event: 2.646 Thread 0x000002ec9ed3cb60 DEOPT PACKING pc=0x000002eca9a5f2f8 sp=0x000000f8f29fe9a0
Event: 2.646 Thread 0x000002ec9ed3cb60 DEOPT UNPACKING pc=0x000002eca94c3aa2 sp=0x000000f8f29fe8f8 mode 2
Event: 2.888 Thread 0x000002ec9ed3cb60 Uncommon trap: trap_request=0xffffff45 fr.pc=0x000002eca9a531f4 relative=0x0000000000000ef4
Event: 2.888 Thread 0x000002ec9ed3cb60 Uncommon trap: reason=unstable_if action=reinterpret pc=0x000002eca9a531f4 method=lombok.patcher.PatchScript.classMatches(Ljava/lang/String;Ljava/util/Collection;)Z @ 25 c2
Event: 2.888 Thread 0x000002ec9ed3cb60 DEOPT PACKING pc=0x000002eca9a531f4 sp=0x000000f8f29f8cb0
Event: 2.888 Thread 0x000002ec9ed3cb60 DEOPT UNPACKING pc=0x000002eca94c3aa2 sp=0x000000f8f29f8c28 mode 2
Event: 2.893 Thread 0x000002ec9ed3cb60 DEOPT PACKING pc=0x000002eca1fd718d sp=0x000000f8f29f8110
Event: 2.893 Thread 0x000002ec9ed3cb60 DEOPT UNPACKING pc=0x000002eca94c4242 sp=0x000000f8f29f75c0 mode 0
Event: 2.935 Thread 0x000002ec9ed3cb60 DEOPT PACKING pc=0x000002eca1fd718d sp=0x000000f8f29f45c0
Event: 2.935 Thread 0x000002ec9ed3cb60 DEOPT UNPACKING pc=0x000002eca94c4242 sp=0x000000f8f29f3a70 mode 0
Event: 2.939 Thread 0x000002ec9ed3cb60 DEOPT PACKING pc=0x000002eca1fd718d sp=0x000000f8f29f45c0
Event: 2.939 Thread 0x000002ec9ed3cb60 DEOPT UNPACKING pc=0x000002eca94c4242 sp=0x000000f8f29f3a70 mode 0
Event: 2.957 Thread 0x000002ec9ed3cb60 DEOPT PACKING pc=0x000002eca1fd718d sp=0x000000f8f29f8020
Event: 2.957 Thread 0x000002ec9ed3cb60 DEOPT UNPACKING pc=0x000002eca94c4242 sp=0x000000f8f29f74d0 mode 0
Event: 2.981 Thread 0x000002ec9ed3cb60 DEOPT PACKING pc=0x000002eca1fd718d sp=0x000000f8f29f45d0
Event: 2.981 Thread 0x000002ec9ed3cb60 DEOPT UNPACKING pc=0x000002eca94c4242 sp=0x000000f8f29f3a80 mode 0
Event: 3.003 Thread 0x000002ec9ed3cb60 DEOPT PACKING pc=0x000002eca1fd718d sp=0x000000f8f29f4250
Event: 3.003 Thread 0x000002ec9ed3cb60 DEOPT UNPACKING pc=0x000002eca94c4242 sp=0x000000f8f29f3700 mode 0
Event: 3.020 Thread 0x000002ec9ed3cb60 DEOPT PACKING pc=0x000002eca1fd718d sp=0x000000f8f29f7bb0
Event: 3.020 Thread 0x000002ec9ed3cb60 DEOPT UNPACKING pc=0x000002eca94c4242 sp=0x000000f8f29f7060 mode 0

Classes loaded (20 events):
Event: 2.807 Loading class java/util/concurrent/Semaphore$NonfairSync
Event: 2.807 Loading class java/util/concurrent/Semaphore$Sync
Event: 2.807 Loading class java/util/concurrent/Semaphore$Sync done
Event: 2.807 Loading class java/util/concurrent/Semaphore$NonfairSync done
Event: 2.907 Loading class java/lang/TypeNotPresentException
Event: 2.907 Loading class java/lang/TypeNotPresentException done
Event: 3.101 Loading class java/security/InvalidKeyException
Event: 3.101 Loading class java/security/KeyException
Event: 3.101 Loading class java/security/GeneralSecurityException
Event: 3.103 Loading class java/security/GeneralSecurityException done
Event: 3.103 Loading class java/security/KeyException done
Event: 3.103 Loading class java/security/InvalidKeyException done
Event: 3.103 Loading class java/security/SignatureException
Event: 3.103 Loading class java/security/SignatureException done
Event: 3.103 Loading class java/security/cert/CertificateException
Event: 3.104 Loading class java/security/cert/CertificateException done
Event: 3.104 Loading class java/security/NoSuchAlgorithmException
Event: 3.104 Loading class java/security/NoSuchAlgorithmException done
Event: 3.104 Loading class java/security/NoSuchProviderException
Event: 3.104 Loading class java/security/NoSuchProviderException done

Classes unloaded (0 events):
No events

Classes redefined (0 events):
No events

Internal exceptions (20 events):
Event: 1.637 Thread 0x000002ec9ed3cb60 Exception <a 'java/io/FileNotFoundException'{0x00000000d64c8bb0}> (0x00000000d64c8bb0) 
thrown [s\src\hotspot\share\prims\jni.cpp, line 520]
Event: 1.638 Thread 0x000002ec9ed3cb60 Exception <a 'java/io/FileNotFoundException'{0x00000000d64c9828}> (0x00000000d64c9828) 
thrown [s\src\hotspot\share\prims\jni.cpp, line 520]
Event: 1.638 Thread 0x000002ec9ed3cb60 Exception <a 'java/io/FileNotFoundException'{0x00000000d64ca368}> (0x00000000d64ca368) 
thrown [s\src\hotspot\share\prims\jni.cpp, line 520]
Event: 1.654 Thread 0x000002ec9ed3cb60 Implicit null exception at 0x000002eca9a40f24 to 0x000002eca9a414b8
Event: 1.654 Thread 0x000002ec9ed3cb60 Implicit null exception at 0x000002eca9a42420 to 0x000002eca9a429a4
Event: 1.662 Thread 0x000002ec9ed3cb60 Exception <a 'java/io/FileNotFoundException'{0x00000000d65027b8}> (0x00000000d65027b8) 
thrown [s\src\hotspot\share\prims\jni.cpp, line 520]
Event: 1.738 Thread 0x000002ec9ed3cb60 Exception <a 'java/lang/NoSuchMethodError'{0x00000000d653b438}: 'java.lang.Object java.lang.invoke.DirectMethodHandle$Holder.invokeInterface(java.lang.Object, java.lang.Object)'> (0x00000000d653b438) 
thrown [s\src\hotspot\share\interpreter\linkResolver.cpp, line 773]
Event: 1.746 Thread 0x000002ec9ed3cb60 Exception <a 'java/lang/NoSuchMethodError'{0x00000000d654ea78}: 'java.lang.Object java.lang.invoke.Invokers$Holder.invokeExact_MT(java.lang.Object, java.lang.Object, java.lang.Object, java.lang.Object, java.lang.Object, java.lang.Object)'> (0x00000000d654ea78) 
thrown [s\src\hotspot\share\interpreter\linkResolver.cpp, line 773]
Event: 1.755 Thread 0x000002ec9ed3cb60 Exception <a 'java/lang/NoSuchMethodError'{0x00000000d6565cc0}: 'int java.lang.invoke.DirectMethodHandle$Holder.invokeStatic(java.lang.Object, java.lang.Object, java.lang.Object, java.lang.Object, java.lang.Object)'> (0x00000000d6565cc0) 
thrown [s\src\hotspot\share\interpreter\linkResolver.cpp, line 773]
Event: 1.819 Thread 0x000002ec9ed3cb60 Exception <a 'java/lang/NoSuchMethodError'{0x00000000d65fa1f8}: 'java.lang.Object java.lang.invoke.DirectMethodHandle$Holder.invokeInterface(java.lang.Object, java.lang.Object, int)'> (0x00000000d65fa1f8) 
thrown [s\src\hotspot\share\interpreter\linkResolver.cpp, line 773]
Event: 2.103 Thread 0x000002ec9ed3cb60 Exception <a 'java/lang/NoSuchMethodError'{0x00000000d6a62038}: 'java.lang.ClassLoader java.lang.ClassLoader.getPlatformClassLoader(java.lang.Class)'> (0x00000000d6a62038) 
thrown [s\src\hotspot\share\interpreter\linkResolver.cpp, line 773]
Event: 2.262 Thread 0x000002ec9ed3cb60 Exception <a 'java/lang/ClassNotFoundException'{0x00000000d6e7e3c8}: sun/net/www/protocol/c/Handler> (0x00000000d6e7e3c8) 
thrown [s\src\hotspot\share\classfile\systemDictionary.cpp, line 313]
Event: 2.280 Thread 0x000002ec9ed3cb60 Exception <a 'java/lang/ClassNotFoundException'{0x00000000d6e7f768}: sun/net/www/protocol/c/Handler> (0x00000000d6e7f768) 
thrown [s\src\hotspot\share\classfile\systemDictionary.cpp, line 313]
Event: 2.304 Thread 0x000002ec9ed3cb60 Exception <a 'java/lang/ClassNotFoundException'{0x00000000d5580c98}: sun/net/www/protocol/c/Handler> (0x00000000d5580c98) 
thrown [s\src\hotspot\share\classfile\systemDictionary.cpp, line 313]
Event: 2.324 Thread 0x000002ec9ed3cb60 Exception <a 'java/io/FileNotFoundException'{0x00000000d55a88f0}> (0x00000000d55a88f0) 
thrown [s\src\hotspot\share\prims\jni.cpp, line 520]
Event: 2.437 Thread 0x000002ec9ed3cb60 Implicit null exception at 0x000002eca9a7d69a to 0x000002eca9a7d8b4
Event: 2.439 Thread 0x000002ec9ed3cb60 Exception <a 'java/lang/NoSuchMethodError'{0x00000000d56d9be0}: 'void java.lang.invoke.DirectMethodHandle$Holder.invokeStatic(java.lang.Object, java.lang.Object, java.lang.Object, java.lang.Object)'> (0x00000000d56d9be0) 
thrown [s\src\hotspot\share\interpreter\linkResolver.cpp, line 773]
Event: 2.441 Thread 0x000002ec9ed3cb60 Implicit null exception at 0x000002eca9a6ed9a to 0x000002eca9a6efb0
Event: 2.442 Thread 0x000002ec9ed3cb60 Implicit null exception at 0x000002eca9a6ddbd to 0x000002eca9a6de41
Event: 2.688 Thread 0x000002ec9ed3cb60 Exception <a 'java/lang/NoSuchMethodError'{0x00000000d599bb40}: 'void java.lang.invoke.DirectMethodHandle$Holder.invokeSpecial(java.lang.Object, java.lang.Object, java.lang.Object)'> (0x00000000d599bb40) 
thrown [s\src\hotspot\share\interpreter\linkResolver.cpp, line 773]

ZGC Phase Switch (0 events):
No events

VM Operations (14 events):
Event: 0.717 Executing non-safepoint VM operation: HandshakeAllThreads (Deoptimize)
Event: 0.718 Executing non-safepoint VM operation: HandshakeAllThreads (Deoptimize) done
Event: 1.496 Executing non-safepoint VM operation: HandshakeAllThreads (Deoptimize)
Event: 1.497 Executing non-safepoint VM operation: HandshakeAllThreads (Deoptimize) done
Event: 1.497 Executing safepoint VM operation: Cleanup
Event: 1.497 Executing safepoint VM operation: Cleanup done
Event: 1.532 Executing non-safepoint VM operation: HandshakeAllThreads (Deoptimize)
Event: 1.532 Executing non-safepoint VM operation: HandshakeAllThreads (Deoptimize) done
Event: 2.206 Executing non-safepoint VM operation: HandshakeAllThreads (Deoptimize)
Event: 2.206 Executing non-safepoint VM operation: HandshakeAllThreads (Deoptimize) done
Event: 2.280 Executing safepoint VM operation: ParallelGCFailedAllocation (Allocation Failure)
Event: 2.302 Executing safepoint VM operation: ParallelGCFailedAllocation (Allocation Failure) done
Event: 3.307 Executing safepoint VM operation: Cleanup
Event: 3.307 Executing safepoint VM operation: Cleanup done

Memory protections (0 events):
No events

Nmethod flushes (0 events):
No events

Events (11 events):
Event: 0.177 Thread 0x000002ec9ed3cb60 Thread added: 0x000002ec9ed3cb60
Event: 0.294 Thread 0x000002ec9ed3cb60 Thread added: 0x000002ec9ede4400
Event: 0.295 Thread 0x000002ec9ed3cb60 Thread added: 0x000002ecb57edec0
Event: 0.296 Thread 0x000002ec9ed3cb60 Thread added: 0x000002ec9ede6a30
Event: 0.297 Thread 0x000002ec9ed3cb60 Thread added: 0x000002ec9ede94a0
Event: 0.297 Thread 0x000002ec9ed3cb60 Thread added: 0x000002ec9ede9f00
Event: 0.297 Thread 0x000002ec9ed3cb60 Thread added: 0x000002ec9edeaa00
Event: 0.297 Thread 0x000002ec9ed3cb60 Thread added: 0x000002ec9edf89d0
Event: 0.298 Thread 0x000002ec9ed3cb60 Thread added: 0x000002ec9edf9470
Event: 0.544 Thread 0x000002ec9ed3cb60 Thread added: 0x000002ecf7db8820
Event: 1.119 Thread 0x000002ec9ed3cb60 Thread added: 0x000002ecf7efbef0


Dynamic libraries:
0x00007ff647010000 - 0x00007ff64701e000 	c:\Users\Ramya\.vscode\extensions\redhat.java-1.55.0-win32-x64\jre\21.0.11-win32-x86_64\bin\java.exe
0x00007ffdaa560000 - 0x00007ffdaa7c6000 	C:\WINDOWS\SYSTEM32\ntdll.dll
0x00007ffda9890000 - 0x00007ffda9959000 	C:\WINDOWS\System32\KERNEL32.DLL
0x00007ffda7e80000 - 0x00007ffda827f000 	C:\WINDOWS\System32\KERNELBASE.dll
0x00007ffda7d20000 - 0x00007ffda7e6c000 	C:\WINDOWS\System32\ucrtbase.dll
0x00007ffd92d60000 - 0x00007ffd92d7e000 	c:\Users\Ramya\.vscode\extensions\redhat.java-1.55.0-win32-x64\jre\21.0.11-win32-x86_64\bin\VCRUNTIME140.dll
0x00007ffd927c0000 - 0x00007ffd927d8000 	c:\Users\Ramya\.vscode\extensions\redhat.java-1.55.0-win32-x64\jre\21.0.11-win32-x86_64\bin\jli.dll
0x00007ffda9ea0000 - 0x00007ffdaa066000 	C:\WINDOWS\System32\USER32.dll
0x00007ffda7830000 - 0x00007ffda7857000 	C:\WINDOWS\System32\win32u.dll
0x00007ffd8ffe0000 - 0x00007ffd90271000 	C:\WINDOWS\WinSxS\amd64_microsoft.windows.common-controls_6595b64144ccf1df_6.0.26100.8972_none_3e0da176e32f9d4b\COMCTL32.dll
0x00007ffda95d0000 - 0x00007ffda95fb000 	C:\WINDOWS\System32\GDI32.dll
0x00007ffda79b0000 - 0x00007ffda7ad9000 	C:\WINDOWS\System32\gdi32full.dll
0x00007ffda9520000 - 0x00007ffda95c9000 	C:\WINDOWS\System32\msvcrt.dll
0x00007ffda7c70000 - 0x00007ffda7d13000 	C:\WINDOWS\System32\msvcp_win.dll
0x00007ffda8990000 - 0x00007ffda89c2000 	C:\WINDOWS\System32\IMM32.DLL
0x00007ffda45a0000 - 0x00007ffda45ac000 	c:\Users\Ramya\.vscode\extensions\redhat.java-1.55.0-win32-x64\jre\21.0.11-win32-x86_64\bin\vcruntime140_1.dll
0x00007ffd3f8c0000 - 0x00007ffd3f94d000 	c:\Users\Ramya\.vscode\extensions\redhat.java-1.55.0-win32-x64\jre\21.0.11-win32-x86_64\bin\msvcp140.dll
0x00007ffcde7e0000 - 0x00007ffcdf582000 	c:\Users\Ramya\.vscode\extensions\redhat.java-1.55.0-win32-x64\jre\21.0.11-win32-x86_64\bin\server\jvm.dll
0x00007ffdaa3a0000 - 0x00007ffdaa45c000 	C:\WINDOWS\System32\ADVAPI32.dll
0x00007ffda97e0000 - 0x00007ffda9889000 	C:\WINDOWS\System32\sechost.dll
0x00007ffda8290000 - 0x00007ffda83a8000 	C:\WINDOWS\System32\RPCRT4.dll
0x00007ffda8a60000 - 0x00007ffda8ae2000 	C:\WINDOWS\System32\WS2_32.dll
0x00007ffda75d0000 - 0x00007ffda762e000 	C:\WINDOWS\SYSTEM32\POWRPROF.dll
0x00007ffd9f3d0000 - 0x00007ffd9f406000 	C:\WINDOWS\SYSTEM32\WINMM.dll
0x00007ffd9f410000 - 0x00007ffd9f41b000 	C:\WINDOWS\SYSTEM32\VERSION.dll
0x00007ffda75b0000 - 0x00007ffda75c5000 	C:\WINDOWS\SYSTEM32\UMPDC.dll
0x00007ffda6460000 - 0x00007ffda647b000 	C:\WINDOWS\SYSTEM32\kernel.appcore.dll
0x00007ffda4560000 - 0x00007ffda456a000 	c:\Users\Ramya\.vscode\extensions\redhat.java-1.55.0-win32-x64\jre\21.0.11-win32-x86_64\bin\jimage.dll
0x00007ffd9bb20000 - 0x00007ffd9bd62000 	C:\WINDOWS\SYSTEM32\DBGHELP.DLL
0x00007ffda9af0000 - 0x00007ffda9e75000 	C:\WINDOWS\System32\combase.dll
0x00007ffda83b0000 - 0x00007ffda8489000 	C:\WINDOWS\System32\OLEAUT32.dll
0x00007ffd8c5e0000 - 0x00007ffd8c61b000 	C:\WINDOWS\SYSTEM32\dbgcore.DLL
0x00007ffda7770000 - 0x00007ffda781c000 	C:\WINDOWS\System32\bcryptPrimitives.dll
0x00007ffda0a20000 - 0x00007ffda0a2f000 	c:\Users\Ramya\.vscode\extensions\redhat.java-1.55.0-win32-x64\jre\21.0.11-win32-x86_64\bin\instrument.dll
0x00007ffd9c8b0000 - 0x00007ffd9c8d0000 	c:\Users\Ramya\.vscode\extensions\redhat.java-1.55.0-win32-x64\jre\21.0.11-win32-x86_64\bin\java.dll
0x00007ffda8d20000 - 0x00007ffda94a8000 	C:\WINDOWS\System32\SHELL32.dll
0x00007ffda5240000 - 0x00007ffda5adb000 	C:\WINDOWS\SYSTEM32\windows.storage.dll
0x00007ffdaa070000 - 0x00007ffdaa169000 	C:\WINDOWS\System32\SHCORE.dll
0x00007ffda94b0000 - 0x00007ffda9516000 	C:\WINDOWS\System32\shlwapi.dll
0x00007ffda7690000 - 0x00007ffda76b9000 	C:\WINDOWS\SYSTEM32\profapi.dll
0x00007ffd93440000 - 0x00007ffd93458000 	c:\Users\Ramya\.vscode\extensions\redhat.java-1.55.0-win32-x64\jre\21.0.11-win32-x86_64\bin\zip.dll
0x00007ffd9fbb0000 - 0x00007ffd9fbc0000 	C:\Users\Ramya\.vscode\extensions\redhat.java-1.55.0-win32-x64\jre\21.0.11-win32-x86_64\bin\net.dll
0x00007ffda0710000 - 0x00007ffda0837000 	C:\WINDOWS\SYSTEM32\WINHTTP.dll
0x00007ffda6a10000 - 0x00007ffda6a7c000 	C:\WINDOWS\system32\mswsock.dll
0x00007ffd77810000 - 0x00007ffd77826000 	C:\Users\Ramya\.vscode\extensions\redhat.java-1.55.0-win32-x64\jre\21.0.11-win32-x86_64\bin\nio.dll
0x00007ffd9faf0000 - 0x00007ffd9fb00000 	c:\Users\Ramya\.vscode\extensions\redhat.java-1.55.0-win32-x64\jre\21.0.11-win32-x86_64\bin\verify.dll

JVMTI agents:
c:\Users\Ramya\.vscode\extensions\redhat.java-1.55.0-win32-x64\lombok\lombok-1.18.39-4050.jar path:c:\Users\Ramya\.vscode\extensions\redhat.java-1.55.0-win32-x64\jre\21.0.11-win32-x86_64\bin\instrument.dll, loaded, initialized, instrumentlib options:none

dbghelp: loaded successfully - version: 4.0.5 - missing functions: none
symbol engine: initialized successfully - sym options: 0x614 - pdb path: .;c:\Users\Ramya\.vscode\extensions\redhat.java-1.55.0-win32-x64\jre\21.0.11-win32-x86_64\bin;C:\WINDOWS\SYSTEM32;C:\WINDOWS\WinSxS\amd64_microsoft.windows.common-controls_6595b64144ccf1df_6.0.26100.8972_none_3e0da176e32f9d4b;c:\Users\Ramya\.vscode\extensions\redhat.java-1.55.0-win32-x64\jre\21.0.11-win32-x86_64\bin\server

VM Arguments:
jvm_args: --add-modules=ALL-SYSTEM --add-opens=java.base/java.util=ALL-UNNAMED --add-opens=java.base/java.lang=ALL-UNNAMED --add-opens=java.base/sun.nio.fs=ALL-UNNAMED -Declipse.application=org.eclipse.jdt.ls.core.id1 -Dosgi.bundles.defaultStartLevel=4 -Declipse.product=org.eclipse.jdt.ls.core.product -Djava.import.generatesMetadataFilesAtProjectRoot=false -DDetectVMInstallationsJob.disabled=true -Dfile.encoding=utf8 -XX:+UseParallelGC -XX:GCTimeRatio=4 -XX:AdaptiveSizePolicyWeight=90 -Dsun.zip.disableMemoryMapping=true -Xmx2G -Xms100m -Xlog:disable -javaagent:c:\Users\Ramya\.vscode\extensions\redhat.java-1.55.0-win32-x64\lombok\lombok-1.18.39-4050.jar 
java_command: c:\Users\Ramya\.vscode\extensions\redhat.java-1.55.0-win32-x64\server\plugins\org.eclipse.equinox.launcher_1.7.200.v20260619-2039.jar -configuration c:\Users\Ramya\AppData\Roaming\Code\User\globalStorage\redhat.java\1.55.0\config_ss_win -data c:\Users\Ramya\AppData\Roaming\Code\User\workspaceStorage\3ecc7036380608375654bd27e609cbe5\redhat.java\ss_ws --pipe=\\.\pipe\lsp-b4590e429c2051fffc9c8e1be7238e96-sock
java_class_path (initial): c:\Users\Ramya\.vscode\extensions\redhat.java-1.55.0-win32-x64\server\plugins\org.eclipse.equinox.launcher_1.7.200.v20260619-2039.jar
Launcher Type: SUN_STANDARD

[Global flags]
    uintx AdaptiveSizePolicyWeight                 = 90                                        {product} {command line}
     intx CICompilerCount                          = 4                                         {product} {ergonomic}
    uintx GCTimeRatio                              = 4                                         {product} {command line}
   size_t InitialHeapSize                          = 104857600                                 {product} {command line}
   size_t MaxHeapSize                              = 2147483648                                {product} {command line}
   size_t MaxNewSize                               = 715653120                                 {product} {ergonomic}
   size_t MinHeapDeltaBytes                        = 524288                                    {product} {ergonomic}
   size_t MinHeapSize                              = 104857600                                 {product} {command line}
   size_t NewSize                                  = 34603008                                  {product} {ergonomic}
    uintx NonNMethodCodeHeapSize                   = 5839372                                {pd product} {ergonomic}
    uintx NonProfiledCodeHeapSize                  = 122909434                              {pd product} {ergonomic}
   size_t OldSize                                  = 70254592                                  {product} {ergonomic}
     bool PerfDisableSharedMem                     = true                                      {product} {ergonomic}
    uintx ProfiledCodeHeapSize                     = 122909434                              {pd product} {ergonomic}
    uintx ReservedCodeCacheSize                    = 251658240                              {pd product} {ergonomic}
     bool SegmentedCodeCache                       = true                                      {product} {ergonomic}
   size_t SoftMaxHeapSize                          = 2147483648                             {manageable} {ergonomic}
     bool UseCompressedOops                        = true                           {product lp64_product} {ergonomic}
     bool UseLargePagesIndividualAllocation        = false                                  {pd product} {ergonomic}
     bool UseParallelGC                            = true                                      {product} {command line}

Logging:
Log output configuration:
 #0: stdout all=off uptime,level,tags foldmultilines=false
 #1: stderr all=off uptime,level,tags foldmultilines=false

Release file:
JAVA_VERSION="21.0.11" 
MODULES="java.base java.compiler java.datatransfer java.xml java.prefs java.desktop java.instrument java.logging java.management java.security.sasl java.naming java.rmi java.management.rmi java.net.http java.scripting java.security.jgss java.transaction.xa java.sql java.sql.rowset java.xml.crypto java.se java.smartcardio jdk.accessibility jdk.internal.jvmstat jdk.attach jdk.charsets jdk.internal.opt jdk.zipfs jdk.compiler jdk.crypto.ec jdk.crypto.cryptoki jdk.crypto.mscapi jdk.dynalink jdk.internal.ed jdk.editpad jdk.hotspot.agent jdk.httpserver jdk.internal.le jdk.internal.vm.ci jdk.internal.vm.compiler jdk.internal.vm.compiler.management jdk.jartool jdk.javadoc jdk.jcmd jdk.management jdk.management.agent jdk.jconsole jdk.jdeps jdk.jdwp.agent jdk.jdi jdk.jfr jdk.jshell jdk.jsobject jdk.jstatd jdk.localedata jdk.management.jfr jdk.naming.dns jdk.naming.rmi jdk.net jdk.nio.mapmode jdk.random jdk.sctp jdk.security.auth jdk.security.jgss jdk.unsupported jdk.unsupported.desktop jdk.xml.dom" 

Environment Variables:
PATH=C:\Program Files\Eclipse Adoptium\jdk-21.0.11.10-hotspot\bin;C:\Program Files\Common Files\Oracle\Java\javapath;C:\Program Files\Python310\Scripts\;C:\Program Files\Python310\;C:\Program Files (x86)\Common Files\Oracle\Java\java8path;C:\Program Files (x86)\Common Files\Oracle\Java\javapath;C:\oraclexe\app\oracle\product\10.2.0\server\bin;C:\WINDOWS\system32;C:\WINDOWS;C:\WINDOWS\System32\Wbem;C:\WINDOWS\System32\WindowsPowerShell\v1.0\;C:\WINDOWS\System32\OpenSSH\;C:\Program Files\Java\jdk-1.8\bin;C:\Users\Ramya\AppData\Roaming\Microsoft\Windows\Start Menu\Programs\Python 3.13;C:\Program Files\Git\cmd;C:\Program Files\Microsoft SQL Server\Client SDK\ODBC\170\Tools\Binn\;C:\Program Files (x86)\Microsoft SQL Server\150\Tools\Binn\;C:\Program Files\Microsoft SQL Server\150\Tools\Binn\;C:\Program Files\Microsoft SQL Server\150\DTS\Binn\;C:\Program Files\Microsoft SQL Server\170\DTS\Binn\;C:\Program Files\dotnet\;C:\maven\apache-maven-3.9.16\bin;C:\maven\apache-maven-3.9.16\bin;C:\Users\Ramya\AppData\Local\Programs\Python\Launcher\;C:\Users\Ramya\AppData\Local\Microsoft\WindowsApps;C:\Users\Ramya\AppData\Local\Programs\Microsoft VS Code\bin;C:\Users\Ramya\AppData\Roaming\Python\Python310\Scripts;C:\Users\Ramya\AppData\Local\Programs\Antigravity\bin;C:\Users\Ramya\.dotnet\tools
USERNAME=Ramya
OS=Windows_NT
PROCESSOR_IDENTIFIER=AMD64 Family 23 Model 104 Stepping 1, AuthenticAMD
TMP=C:\Users\Ramya\AppData\Local\Temp
TEMP=C:\Users\Ramya\AppData\Local\Temp




Periodic native trim disabled

---------------  S Y S T E M  ---------------

OS:
 Windows 11 , 64 bit Build 26100 (10.0.26100.8972)
OS uptime: 0 days 7:34 hours

CPU: total 12 (initial active 12) (12 cores per cpu, 2 threads per core) family 23 model 104 stepping 1 microcode 0x8608109, cx8, cmov, fxsr, ht, mmx, 3dnowpref, sse, sse2, sse3, ssse3, sse4a, sse4.1, sse4.2, popcnt, lzcnt, tsc, tscinvbit, avx, avx2, aes, clmul, bmi1, bmi2, adx, sha, fma, vzeroupper, clflush, clflushopt, rdtscp, rdpid, f16c
Processor Information for processor 0
  Max Mhz: 2100, Current Mhz: 2100, Mhz Limit: 2100
Processor Information for processor 1
  Max Mhz: 2100, Current Mhz: 2100, Mhz Limit: 2100
Processor Information for processor 2
  Max Mhz: 2100, Current Mhz: 2100, Mhz Limit: 2100
Processor Information for processor 3
  Max Mhz: 2100, Current Mhz: 2100, Mhz Limit: 2100
Processor Information for processor 4
  Max Mhz: 2100, Current Mhz: 2100, Mhz Limit: 2100
Processor Information for processor 5
  Max Mhz: 2100, Current Mhz: 2100, Mhz Limit: 2100
Processor Information for processor 6
  Max Mhz: 2100, Current Mhz: 2100, Mhz Limit: 2100
Processor Information for processor 7
  Max Mhz: 2100, Current Mhz: 2100, Mhz Limit: 2100
Processor Information for processor 8
  Max Mhz: 2100, Current Mhz: 1813, Mhz Limit: 2100
Processor Information for processor 9
  Max Mhz: 2100, Current Mhz: 1813, Mhz Limit: 2100
Processor Information for processor 10
  Max Mhz: 2100, Current Mhz: 1813, Mhz Limit: 2100
Processor Information for processor 11
  Max Mhz: 2100, Current Mhz: 1813, Mhz Limit: 2100

Memory: 4k page, system-wide physical 3405M (122M free)
TotalPageFile size 13645M (AvailPageFile size 1M)
current process WorkingSet (physical memory assigned to process): 74M, peak: 87M
current process commit charge ("private bytes"): 244M, peak: 244M

vm_info: OpenJDK 64-Bit Server VM (21.0.11+10-LTS) for windows-amd64 JRE (21.0.11+10-LTS), built on 2026-04-21T00:00:00Z by "admin" with MS VC++ 17.12 (VS2022)

END.
